2026-09-03T03:34:12.275679336Z 
2026-09-03T03:34:12.275721105Z === Configuring pipeline ===
2026-09-03T03:34:12.275865523Z Using dataset artifact: /opt/fs2/artifacts/boltzgen
2026-09-03T03:34:12.313816727Z Creating output directory: /work/faststart/boltzgen-baseline-t01
2026-09-03T03:34:12.314769066Z ************** Checking design spec: /opt/fs2/source/example/vanilla_protein/1g13prot.yaml **************
2026-09-03T03:34:12.393454572Z Total designed residues: 101
2026-09-03T03:34:12.397772268Z Design specification visualization is written to /work/faststart/boltzgen-baseline-t01/1g13prot.cif
2026-09-03T03:34:12.397776058Z *********************************************************************************************************
2026-09-03T03:34:12.619568403Z Using kernels: True [device capability: (9, 0)]
2026-09-03T03:34:12.619581574Z Config overrides for protocol protein-anything: {}
2026-09-03T03:34:12.619582836Z Using 1 devices
2026-09-03T03:34:12.619584581Z Raw designs will be saved to: /work/faststart/boltzgen-baseline-t01/intermediate_designs
2026-09-03T03:34:12.619586309Z Using diffusion batch size: 1
2026-09-03T03:34:12.619587176Z Number of diffusion batches: 1
2026-09-03T03:34:12.619588513Z Using model artifact: /opt/fs2/artifacts/boltzgen/boltzgen1_diverse.ckpt
2026-09-03T03:34:12.620629850Z Using model artifact: /opt/fs2/artifacts/mosaic/boltz/boltz2_conf.ckpt
2026-09-03T03:34:12.620667606Z Using model artifact: /opt/fs2/artifacts/mosaic/boltz/boltz2_conf.ckpt
2026-09-03T03:34:12.620697329Z Final ranked designs will be saved to: /work/faststart/boltzgen-baseline-t01/final_ranked_designs
2026-09-03T03:34:12.620724091Z [1] design                   
2026-09-03T03:34:12.647483786Z Configuration complete. Configs written to /work/faststart/boltzgen-baseline-t01/config
2026-09-03T03:34:12.647495084Z Steps manifest written to /work/faststart/boltzgen-baseline-t01/steps.yaml
2026-09-03T03:34:12.647500495Z 
2026-09-03T03:34:12.647502033Z === Executing pipeline ===
2026-09-03T03:34:12.650238481Z **************************************************
2026-09-03T03:34:12.650241431Z Pipeline step 1 of 1: design
2026-09-03T03:34:41.910146358Z 
Predicting: |          | 0/? [00:00<?, ?it/s]
[Step 1/1] design - Predicting: |          | 0/? [00:00<?, ?it/s]
[Step 1/1] design - Predicting: |          | 0/? [00:00<?, ?it/s]
Predicting DataLoader 0:   0%|          | 0/1 [00:00<?, ?it/s]   
[Step 1/1] design - Predicting DataLoader 0: :   0%|          | 0/1 [00:00<?, ?it/s]Switched step_scale to 2.0
2026-09-03T03:34:41.910178625Z Switched noise_scale to 0.88
2026-09-03T03:34:44.760619510Z /opt/venv/lib/python3.12/site-packages/cuequivariance_ops_torch/triangle_attention.py:199: UserWarning: Non-SM100f kernel expects bias to be float32 so it's going to be cast to torch.float32. Check if you can change your code for maximum performance.
2026-09-03T03:34:44.760642481Z   warnings.warn(
2026-09-03T03:34:45.746284420Z /opt/venv/lib/python3.12/site-packages/cuequivariance_ops_torch/triangle_attention.py:199: UserWarning: Non-SM100f kernel expects bias to be float32 so it's going to be cast to torch.float32. Check if you can change your code for maximum performance.
2026-09-03T03:34:45.746304110Z   warnings.warn(
2026-09-03T03:34:47.258879971Z /opt/fs2/source/src/boltzgen/task/predict/writer.py:377: ResourceWarning: unclosed file <_io.TextIOWrapper name='/work/faststart/boltzgen-baseline-t01/intermediate_designs/1g13prot.cif' mode='w' encoding='utf-8'>
2026-09-03T03:34:47.258908824Z   open(gen_path, "w").write(
2026-09-03T03:34:47.271016503Z 
[Step 1/1] design - Predicting DataLoader 0: : 100%|██████████| 1/1 [00:05<00:00,  0.19it/s]Number of failed examples: 0
2026-09-03T03:34:47.271113371Z 
[Step 1/1] design - Predicting DataLoader 0: : 100%|██████████| 1/1 [00:05<00:00,  0.19it/s]
2026-09-03T03:34:47.767804671Z ✓ Step design completed successfully in 35.1s
2026-09-03T03:34:49.195042987Z FS2_SEMANTIC_RESULT_EMITTED
