2026-09-16T12:12:37.317124608Z {
2026-09-16T12:12:37.317164424Z   "action": "restore",
2026-09-16T12:12:37.317166459Z   "records": [
2026-09-16T12:12:37.317167772Z     {
2026-09-16T12:12:37.317168796Z       "command": [
2026-09-16T12:12:37.317170614Z         "/tools/lib/ld-linux-x86-64.so.2",
2026-09-16T12:12:37.317173157Z         "--library-path",
2026-09-16T12:12:37.317174413Z         "/tools/lib",
2026-09-16T12:12:37.317175600Z         "/tools/criu",
2026-09-16T12:12:37.317176682Z         "restore",
2026-09-16T12:12:37.317177485Z         "--images-dir",
2026-09-16T12:12:37.317178628Z         "/checkpoints/speech-en-0916-r2/images",
2026-09-16T12:12:37.317179784Z         "--work-dir",
2026-09-16T12:12:37.317180757Z         "/tmp/fs2-checkpoint-work",
2026-09-16T12:12:37.317181612Z         "--shell-job",
2026-09-16T12:12:37.317182381Z         "--restore-detached",
2026-09-16T12:12:37.317183448Z         "--log-file",
2026-09-16T12:12:37.317184344Z         "restore.log",
2026-09-16T12:12:37.317185128Z         "-v4",
2026-09-16T12:12:37.317186276Z         "--file-locks",
2026-09-16T12:12:37.317187058Z         "--tcp-established",
2026-09-16T12:12:37.317188076Z         "--manage-cgroups=ignore",
2026-09-16T12:12:37.317189042Z         "--libdir",
2026-09-16T12:12:37.317190472Z         "/tmp/empty-criu-plugins"
2026-09-16T12:12:37.317191610Z       ],
2026-09-16T12:12:37.317192853Z       "seconds": 5.912790189962834,
2026-09-16T12:12:37.317193966Z       "returncode": 0,
2026-09-16T12:12:37.317194816Z       "stdout": "",
2026-09-16T12:12:37.317195728Z       "stderr": ""
2026-09-16T12:12:37.317196547Z     },
2026-09-16T12:12:37.317197368Z     {
2026-09-16T12:12:37.317198370Z       "command": [
2026-09-16T12:12:37.317199362Z         "/tools/cuda-checkpoint",
2026-09-16T12:12:37.317200259Z         "--action",
2026-09-16T12:12:37.317201050Z         "restore",
2026-09-16T12:12:37.317201894Z         "--pid",
2026-09-16T12:12:37.317202693Z         "174",
2026-09-16T12:12:37.317203459Z         "--device-map",
2026-09-16T12:12:37.317205003Z         "GPU-0c404bb3-6e89-6295-448e-f97df95344a4=GPU-9f9398a1-b515-06a3-efcf-0b40de81d77b"
2026-09-16T12:12:37.317209390Z       ],
2026-09-16T12:12:37.317210324Z       "seconds": 1.1414392550941557,
2026-09-16T12:12:37.317211261Z       "returncode": 0,
2026-09-16T12:12:37.317212056Z       "stdout": "",
2026-09-16T12:12:37.317212928Z       "stderr": ""
2026-09-16T12:12:37.317213783Z     },
2026-09-16T12:12:37.317214746Z     {
2026-09-16T12:12:37.317215615Z       "command": [
2026-09-16T12:12:37.317216477Z         "/tools/cuda-checkpoint",
2026-09-16T12:12:37.317217436Z         "--action",
2026-09-16T12:12:37.317218468Z         "unlock",
2026-09-16T12:12:37.317219485Z         "--pid",
2026-09-16T12:12:37.317220356Z         "174"
2026-09-16T12:12:37.317221345Z       ],
2026-09-16T12:12:37.317222261Z       "seconds": 0.022503365064039826,
2026-09-16T12:12:37.317223212Z       "returncode": 0,
2026-09-16T12:12:37.317224321Z       "stdout": "",
2026-09-16T12:12:37.317225165Z       "stderr": ""
2026-09-16T12:12:37.317225984Z     }
2026-09-16T12:12:37.317226834Z   ],
2026-09-16T12:12:37.317227997Z   "status": "passed",
2026-09-16T12:12:37.317228841Z   "runtime_identity": {
2026-09-16T12:12:37.317230659Z     "runtime_image": "cr.eu-north1.nebius.cloud/e00akg9ndpx77eaexh/fs2-models/nemotron-speech/en@sha256:288f6caf0c2feb3690c963969e4a26c45a38ca1338f4abe80570b24db91423d2",
2026-09-16T12:12:37.317231873Z     "tools_image": "cr.eu-north1.nebius.cloud/e00akg9ndpx77eaexh/fs2-snapshot/scientific-tools@sha256:17cc3536dd847355b8457b2e92bd7d0fdf292bdd8e6acc457e25f14e28284ba4",
2026-09-16T12:12:37.317237739Z     "kernel_release": "6.11.0-1016-nvidia",
2026-09-16T12:12:37.317238783Z     "runtime_id": "nemotron-speech-en-0.6b",
2026-09-16T12:12:37.317240208Z     "model_revision": "ebe59e5a817142986528bbbee5dba8db7b38ed50",
2026-09-16T12:12:37.317241381Z     "gpu_uuid": "GPU-9f9398a1-b515-06a3-efcf-0b40de81d77b",
2026-09-16T12:12:37.317242433Z     "gpu_name": "NVIDIA H100 80GB HBM3",
2026-09-16T12:12:37.317243255Z     "driver_version": "580.159.04",
2026-09-16T12:12:37.317244377Z     "compute_capability": "9.0",
2026-09-16T12:12:37.317245388Z     "snapshot_source_sha256": {
2026-09-16T12:12:37.317246628Z       "process_checkpoint.py": "8a65528b0abfdfd4308f438b572b78b5183fde41a5f0a3d5980aaa9329a761ea",
2026-09-16T12:12:37.317247791Z       "serving_checkpoint.py": "0cc5f0b80b38a894fb4e0bc6119fc6012e3af7979664cefccbe96b239d73235d",
2026-09-16T12:12:37.317248903Z       "serving_filesystem.py": "0af2a36d69f2c809a9a9f15070ab7f196cda39361724ccbbe724cc994b1b2fd7",
2026-09-16T12:12:37.317250212Z       "serving_launcher.py": "8f076ab23bb5d6ecf56b9c06f7f3040a092cf3321836556413c9e84ba667aa7b",
2026-09-16T12:12:37.317251668Z       "serving_supervisor.py": "a27ef49260796bbc90f68db2e1e74437e2b70dd41c57aeb0bfd3d14cb0389524",
2026-09-16T12:12:37.317252606Z       "sitecustomize.py": "4051136270e8c7446e699484bbc1890489c34e346286b8845af741c0d5c4aad5",
2026-09-16T12:12:37.317253755Z       "supervisor.py": "4ec20b525ba38f979c67d8ab46e85a9f8243c0b2990d9e65871839318fdab83c",
2026-09-16T12:12:37.317254862Z       "working_directory_launcher.py": "3bd73d58a3278a732170c6501cbc9f2bc7f731966abb7ceae987450d73fe5c1b"
2026-09-16T12:12:37.317255859Z     }
2026-09-16T12:12:37.317256821Z   },
2026-09-16T12:12:37.317261612Z   "cuda_pids": [
2026-09-16T12:12:37.317262526Z     174
2026-09-16T12:12:37.317263655Z   ]
2026-09-16T12:12:37.317264514Z }
2026-09-16T12:12:37.325973996Z {"event": "serving_snapshot_runtime", "mechanism": "cuda-criu-restored"}
