2026-09-16T08:25:43.121851359Z {"event": "probe_start", "scope": "direct-runtime diagnostic, not customer acceptance", "profile": {"model": "nemotron-speech-en-0.6b", "chunk_size_ms": 560, "strip_language_tags": true, "decoding": "greedy_batch", "beam_size": 4, "precision": "float32", "confidence": false, "cuda_graphs": false}, "nemo_revision": "3b08b2acacc13ec1268e53653346266202b2335f", "checkpoint_revision": "ebe59e5a817142986528bbbee5dba8db7b38ed50"}
2026-09-16T08:25:47.504573257Z OneLogger: Setting error_handling_strategy to DISABLE_QUIETLY_AND_REPORT_METRIC_ERROR for rank (rank=0) with OneLogger disabled. To override: explicitly set error_handling_strategy parameter.
2026-09-16T08:25:47.510271271Z No exporters were provided. This means that no telemetry data will be collected.
2026-09-16T08:26:18.880642814Z [NeMo I 2026-09-16 08:26:18 pipeline_builder:42] Using matmul precision: high
2026-09-16T08:26:20.702770363Z [NeMo I 2026-09-16 08:26:20 mixins:195] Tokenizer SentencePieceTokenizer initialized with 1024 tokens
2026-09-16T08:26:21.253141252Z [NeMo W 2026-09-16 08:26:21 modelPT:176] If you intend to do training or fine-tuning, please call the ModelPT.setup_training_data() method and provide a valid configuration file to setup the train data loader.
2026-09-16T08:26:21.253163516Z     Train config : 
2026-09-16T08:26:21.253165158Z     use_lhotse: true
2026-09-16T08:26:21.253166937Z     skip_missing_manifest_entries: true
2026-09-16T08:26:21.253168315Z     input_cfg: null
2026-09-16T08:26:21.253169817Z     tarred_audio_filepaths: null
2026-09-16T08:26:21.253171111Z     manifest_filepath: null
2026-09-16T08:26:21.253172331Z     sample_rate: 16000
2026-09-16T08:26:21.253173873Z     shuffle: true
2026-09-16T08:26:21.253175060Z     num_workers: 2
2026-09-16T08:26:21.253176280Z     pin_memory: true
2026-09-16T08:26:21.253177616Z     max_duration: 40.0
2026-09-16T08:26:21.253178853Z     min_duration: 0.1
2026-09-16T08:26:21.253180114Z     text_field: answer
2026-09-16T08:26:21.253181240Z     batch_duration: null
2026-09-16T08:26:21.253182695Z     use_bucketing: true
2026-09-16T08:26:21.253183818Z     max_tps: null
2026-09-16T08:26:21.253185053Z     bucket_duration_bins: null
2026-09-16T08:26:21.253186198Z     bucket_batch_size: null
2026-09-16T08:26:21.253187620Z     num_buckets: null
2026-09-16T08:26:21.253188743Z     bucket_buffer_size: null
2026-09-16T08:26:21.253190024Z     shuffle_buffer_size: null
2026-09-16T08:26:21.253191278Z     augmentor: null
2026-09-16T08:26:21.253192561Z     
2026-09-16T08:26:21.253548317Z [NeMo W 2026-09-16 08:26:21 modelPT:183] If you intend to do validation, please call the ModelPT.setup_validation_data() or ModelPT.setup_multiple_validation_data() method and provide a valid configuration file to setup the validation data loader(s). 
2026-09-16T08:26:21.253550393Z     Validation config : 
2026-09-16T08:26:21.253551785Z     use_lhotse: true
2026-09-16T08:26:21.253553569Z     manifest_filepath: /data/ASR/en/librispeech/test-other.json
2026-09-16T08:26:21.253554816Z     sample_rate: 16000
2026-09-16T08:26:21.253556092Z     batch_size: 32
2026-09-16T08:26:21.253557362Z     shuffle: false
2026-09-16T08:26:21.253558590Z     max_duration: 40.0
2026-09-16T08:26:21.253559840Z     min_duration: 0.1
2026-09-16T08:26:21.253561189Z     num_workers: 2
2026-09-16T08:26:21.253562338Z     pin_memory: true
2026-09-16T08:26:21.253563586Z     text_field: answer
2026-09-16T08:26:21.253565055Z     tarred_audio_filepaths: null
2026-09-16T08:26:21.253566536Z     
2026-09-16T08:26:24.222574497Z [NeMo I 2026-09-16 08:26:24 rnnt_models:227] Using RNNT Loss : warprnnt_numba
2026-09-16T08:26:24.222594855Z     Loss warprnnt_numba_kwargs: {'fastemit_lambda': 0.005, 'clamp': -1.0}
2026-09-16T08:26:24.223891884Z [NeMo I 2026-09-16 08:26:24 rnnt_models:227] Using RNNT Loss : warprnnt_numba
2026-09-16T08:26:24.223908932Z     Loss warprnnt_numba_kwargs: {'fastemit_lambda': 0.005, 'clamp': -1.0}
2026-09-16T08:26:24.240060944Z [NeMo I 2026-09-16 08:26:24 rnnt_models:227] Using RNNT Loss : warprnnt_numba
2026-09-16T08:26:24.240066732Z     Loss warprnnt_numba_kwargs: {'fastemit_lambda': 0.005, 'clamp': -1.0}
2026-09-16T08:26:26.144360256Z [NeMo I 2026-09-16 08:26:26 save_restore_connector:288] Model EncDecRNNTBPEModel was successfully restored from /cache/huggingface/hub/models--nvidia--nemotron-speech-streaming-en-0.6b/snapshots/ebe59e5a817142986528bbbee5dba8db7b38ed50/nemotron-speech-streaming-en-0.6b.nemo.
2026-09-16T08:26:26.146230937Z [NeMo I 2026-09-16 08:26:26 rnnt_bpe_models:399] No `decoding_cfg` passed when changing decoding strategy, using internal config
2026-09-16T08:26:26.172292780Z [NeMo I 2026-09-16 08:26:26 rnnt_models:227] Using RNNT Loss : warprnnt_numba
2026-09-16T08:26:26.172295413Z     Loss warprnnt_numba_kwargs: {'fastemit_lambda': 0.005, 'clamp': -1.0}
2026-09-16T08:26:26.184717555Z [NeMo I 2026-09-16 08:26:26 rnnt_bpe_models:437] Changed decoding strategy to 
2026-09-16T08:26:26.184720093Z     model_type: rnnt
2026-09-16T08:26:26.184722194Z     strategy: greedy_batch
2026-09-16T08:26:26.184724383Z     compute_hypothesis_token_set: false
2026-09-16T08:26:26.184725612Z     preserve_alignments: null
2026-09-16T08:26:26.184726719Z     tdt_include_token_duration: null
2026-09-16T08:26:26.184727572Z     confidence_cfg:
2026-09-16T08:26:26.184728675Z       preserve_frame_confidence: false
2026-09-16T08:26:26.184729649Z       preserve_token_confidence: false
2026-09-16T08:26:26.184730703Z       preserve_word_confidence: false
2026-09-16T08:26:26.184731867Z       exclude_blank: true
2026-09-16T08:26:26.184732805Z       aggregation: min
2026-09-16T08:26:26.184733699Z       tdt_include_duration: false
2026-09-16T08:26:26.184734917Z       method_cfg:
2026-09-16T08:26:26.184735769Z         name: entropy
2026-09-16T08:26:26.184736826Z         entropy_type: tsallis
2026-09-16T08:26:26.184737718Z         alpha: 0.33
2026-09-16T08:26:26.184738666Z         entropy_norm: exp
2026-09-16T08:26:26.184739661Z         temperature: DEPRECATED
2026-09-16T08:26:26.184740588Z     fused_batch_size: null
2026-09-16T08:26:26.184741657Z     compute_timestamps: null
2026-09-16T08:26:26.184742776Z     compute_langs: false
2026-09-16T08:26:26.184743752Z     word_seperator: ' '
2026-09-16T08:26:26.184744622Z     segment_seperators:
2026-09-16T08:26:26.184745485Z     - .
2026-09-16T08:26:26.184746531Z     - '!'
2026-09-16T08:26:26.184747405Z     - '?'
2026-09-16T08:26:26.184748263Z     segment_gap_threshold: null
2026-09-16T08:26:26.184749142Z     rnnt_timestamp_type: all
2026-09-16T08:26:26.184750091Z     greedy:
2026-09-16T08:26:26.184751211Z       max_symbols_per_step: 10
2026-09-16T08:26:26.184752140Z       preserve_alignments: false
2026-09-16T08:26:26.184753062Z       preserve_frame_confidence: false
2026-09-16T08:26:26.184754144Z       tdt_include_token_duration: false
2026-09-16T08:26:26.184755025Z       tdt_include_duration_confidence: false
2026-09-16T08:26:26.184756259Z       confidence_method_cfg:
2026-09-16T08:26:26.184757097Z         name: entropy
2026-09-16T08:26:26.184758021Z         entropy_type: tsallis
2026-09-16T08:26:26.184758905Z         alpha: 0.33
2026-09-16T08:26:26.184759854Z         entropy_norm: exp
2026-09-16T08:26:26.184760674Z         temperature: DEPRECATED
2026-09-16T08:26:26.184761611Z       loop_labels: true
2026-09-16T08:26:26.184772831Z       use_cuda_graph_decoder: true
2026-09-16T08:26:26.184773780Z       ngram_lm_model: null
2026-09-16T08:26:26.184774643Z       ngram_lm_alpha: 0.0
2026-09-16T08:26:26.184775663Z       boosting_tree:
2026-09-16T08:26:26.184776490Z         model_path: null
2026-09-16T08:26:26.184777516Z         key_phrases_file: null
2026-09-16T08:26:26.184778669Z         key_phrases_list: null
2026-09-16T08:26:26.184779520Z         key_phrase_items_list: null
2026-09-16T08:26:26.184780363Z         context_score: 1.0
2026-09-16T08:26:26.184781348Z         depth_scaling: 2.0
2026-09-16T08:26:26.184782162Z         unk_score: 0.0
2026-09-16T08:26:26.184783167Z         final_eos_score: 1.0
2026-09-16T08:26:26.184784062Z         score_per_phrase: 0.0
2026-09-16T08:26:26.184784960Z         source_lang: en
2026-09-16T08:26:26.184785872Z         use_triton: null
2026-09-16T08:26:26.184786800Z         uniform_weights: false
2026-09-16T08:26:26.184787649Z         bpe_mode: default
2026-09-16T08:26:26.184788555Z         use_bpe_dropout: null
2026-09-16T08:26:26.184789420Z         num_of_transcriptions: 5
2026-09-16T08:26:26.184790500Z         bpe_alpha: 0.3
2026-09-16T08:26:26.184791489Z         var_bpe_scoring_temp: 10.0
2026-09-16T08:26:26.184792422Z         var_bpe_penalize_subsplits: true
2026-09-16T08:26:26.184793305Z       boosting_tree_alpha: 0.0
2026-09-16T08:26:26.184794323Z       enable_per_stream_biasing: false
2026-09-16T08:26:26.184795182Z       max_symbols: 10
2026-09-16T08:26:26.184796211Z     beam:
2026-09-16T08:26:26.184797100Z       beam_size: 2
2026-09-16T08:26:26.184798011Z       search_type: default
2026-09-16T08:26:26.184799162Z       score_norm: true
2026-09-16T08:26:26.184800071Z       return_best_hypothesis: false
2026-09-16T08:26:26.184801081Z       tsd_max_sym_exp_per_step: 50
2026-09-16T08:26:26.184802006Z       alsd_max_target_len: 2.0
2026-09-16T08:26:26.184802967Z       nsc_max_timesteps_expansion: 1
2026-09-16T08:26:26.184803856Z       nsc_prefix_alpha: 1
2026-09-16T08:26:26.184804744Z       maes_num_steps: 2
2026-09-16T08:26:26.184805641Z       maes_prefix_alpha: 1
2026-09-16T08:26:26.184806451Z       maes_expansion_gamma: 2.3
2026-09-16T08:26:26.184807337Z       maes_expansion_beta: 2
2026-09-16T08:26:26.184808161Z       language_model: null
2026-09-16T08:26:26.184809000Z       softmax_temperature: 1.0
2026-09-16T08:26:26.184809888Z       preserve_alignments: false
2026-09-16T08:26:26.184810770Z       ngram_lm_model: null
2026-09-16T08:26:26.184811627Z       ngram_lm_alpha: 0.0
2026-09-16T08:26:26.184812447Z       boosting_tree:
2026-09-16T08:26:26.184813283Z         model_path: null
2026-09-16T08:26:26.184814285Z         key_phrases_file: null
2026-09-16T08:26:26.184815172Z         key_phrases_list: null
2026-09-16T08:26:26.184816121Z         key_phrase_items_list: null
2026-09-16T08:26:26.184817000Z         context_score: 1.0
2026-09-16T08:26:26.184817830Z         depth_scaling: 2.0
2026-09-16T08:26:26.184818811Z         unk_score: 0.0
2026-09-16T08:26:26.184819632Z         final_eos_score: 1.0
2026-09-16T08:26:26.184820448Z         score_per_phrase: 0.0
2026-09-16T08:26:26.184821323Z         source_lang: en
2026-09-16T08:26:26.184822155Z         use_triton: null
2026-09-16T08:26:26.184823046Z         uniform_weights: false
2026-09-16T08:26:26.184823897Z         bpe_mode: default
2026-09-16T08:26:26.184824803Z         use_bpe_dropout: null
2026-09-16T08:26:26.184825670Z         num_of_transcriptions: 5
2026-09-16T08:26:26.184826558Z         bpe_alpha: 0.3
2026-09-16T08:26:26.184829094Z         var_bpe_scoring_temp: 10.0
2026-09-16T08:26:26.184830151Z         var_bpe_penalize_subsplits: true
2026-09-16T08:26:26.184830987Z       boosting_tree_alpha: 0.0
2026-09-16T08:26:26.184831858Z       hat_subtract_ilm: false
2026-09-16T08:26:26.184832679Z       hat_ilm_weight: 0.0
2026-09-16T08:26:26.184833516Z       max_symbols_per_step: 10
2026-09-16T08:26:26.184834379Z       blank_lm_score_mode: LM_WEIGHTED_FULL
2026-09-16T08:26:26.184835257Z       pruning_mode: LATE
2026-09-16T08:26:26.184836151Z       allow_cuda_graphs: true
2026-09-16T08:26:26.184837036Z       enable_per_stream_biasing: false
2026-09-16T08:26:26.184838088Z       preserve_frame_confidence: false
2026-09-16T08:26:26.184839116Z       tdt_include_duration_confidence: false
2026-09-16T08:26:26.184840215Z       confidence_method_cfg:
2026-09-16T08:26:26.184841104Z         name: entropy
2026-09-16T08:26:26.184843910Z         entropy_type: tsallis
2026-09-16T08:26:26.184844777Z         alpha: 0.33
2026-09-16T08:26:26.184845600Z         entropy_norm: exp
2026-09-16T08:26:26.184846540Z         temperature: DEPRECATED
2026-09-16T08:26:26.184847373Z       tsd_max_sym_exp: 50
2026-09-16T08:26:26.184848344Z     temperature: 1.0
2026-09-16T08:26:26.184849197Z     durations: []
2026-09-16T08:26:26.184850009Z     big_blank_durations: []
2026-09-16T08:26:26.184850954Z     strip_lang_tags: false
2026-09-16T08:26:26.184851884Z     lang_tag_pattern: null
2026-09-16T08:26:26.184852812Z     
2026-09-16T08:26:26.214516903Z [NeMo I 2026-09-16 08:26:26 rnnt_models:227] Using RNNT Loss : warprnnt_numba
2026-09-16T08:26:26.214532333Z     Loss warprnnt_numba_kwargs: {'fastemit_lambda': 0.005, 'clamp': -1.0}
2026-09-16T08:26:26.223744818Z [NeMo I 2026-09-16 08:26:26 rnnt_decoding:1041] Joint fused batch size <= 0; Will temporarily disable fused batch step in the Joint.
2026-09-16T08:26:26.230632421Z [NeMo I 2026-09-16 08:26:26 rnnt_bpe_models:437] Changed decoding strategy to 
2026-09-16T08:26:26.230634992Z     model_type: rnnt
2026-09-16T08:26:26.230636448Z     strategy: greedy_batch
2026-09-16T08:26:26.230637836Z     compute_hypothesis_token_set: false
2026-09-16T08:26:26.230638883Z     preserve_alignments: false
2026-09-16T08:26:26.230640091Z     tdt_include_token_duration: null
2026-09-16T08:26:26.230641010Z     confidence_cfg:
2026-09-16T08:26:26.230642079Z       preserve_frame_confidence: false
2026-09-16T08:26:26.230643047Z       preserve_token_confidence: false
2026-09-16T08:26:26.230643941Z       preserve_word_confidence: false
2026-09-16T08:26:26.230644878Z       exclude_blank: true
2026-09-16T08:26:26.230645734Z       aggregation: min
2026-09-16T08:26:26.230646759Z       tdt_include_duration: false
2026-09-16T08:26:26.230647531Z       method_cfg:
2026-09-16T08:26:26.230648373Z         name: entropy
2026-09-16T08:26:26.230649222Z         entropy_type: tsallis
2026-09-16T08:26:26.230650257Z         alpha: 0.33
2026-09-16T08:26:26.230651016Z         entropy_norm: exp
2026-09-16T08:26:26.230651926Z         temperature: DEPRECATED
2026-09-16T08:26:26.230652693Z     fused_batch_size: -1
2026-09-16T08:26:26.230653707Z     compute_timestamps: null
2026-09-16T08:26:26.230654548Z     compute_langs: false
2026-09-16T08:26:26.230655344Z     word_seperator: ' '
2026-09-16T08:26:26.230656219Z     segment_seperators:
2026-09-16T08:26:26.230657113Z     - .
2026-09-16T08:26:26.230657951Z     - '!'
2026-09-16T08:26:26.230658903Z     - '?'
2026-09-16T08:26:26.230659728Z     segment_gap_threshold: null
2026-09-16T08:26:26.230660627Z     rnnt_timestamp_type: all
2026-09-16T08:26:26.230664096Z     greedy:
2026-09-16T08:26:26.230665032Z       max_symbols_per_step: 10
2026-09-16T08:26:26.230666066Z       preserve_alignments: false
2026-09-16T08:26:26.230667236Z       preserve_frame_confidence: false
2026-09-16T08:26:26.230668279Z       tdt_include_token_duration: false
2026-09-16T08:26:26.230669260Z       tdt_include_duration_confidence: false
2026-09-16T08:26:26.230670144Z       confidence_method_cfg:
2026-09-16T08:26:26.230670905Z         name: entropy
2026-09-16T08:26:26.230671660Z         entropy_type: tsallis
2026-09-16T08:26:26.230672559Z         alpha: 0.33
2026-09-16T08:26:26.230673430Z         entropy_norm: exp
2026-09-16T08:26:26.230674344Z         temperature: DEPRECATED
2026-09-16T08:26:26.230675130Z       loop_labels: true
2026-09-16T08:26:26.230676152Z       use_cuda_graph_decoder: false
2026-09-16T08:26:26.230676919Z       ngram_lm_model: null
2026-09-16T08:26:26.230677670Z       ngram_lm_alpha: 0.0
2026-09-16T08:26:26.230678560Z       boosting_tree:
2026-09-16T08:26:26.230679309Z         model_path: null
2026-09-16T08:26:26.230680169Z         key_phrases_file: null
2026-09-16T08:26:26.230681059Z         key_phrases_list: null
2026-09-16T08:26:26.230681853Z         key_phrase_items_list: null
2026-09-16T08:26:26.230682801Z         context_score: 1.0
2026-09-16T08:26:26.230683642Z         depth_scaling: 2.0
2026-09-16T08:26:26.230684384Z         unk_score: 0.0
2026-09-16T08:26:26.230685127Z         final_eos_score: 1.0
2026-09-16T08:26:26.230685974Z         score_per_phrase: 0.0
2026-09-16T08:26:26.230686722Z         source_lang: en
2026-09-16T08:26:26.230687612Z         use_triton: null
2026-09-16T08:26:26.230688355Z         uniform_weights: false
2026-09-16T08:26:26.230689294Z         bpe_mode: default
2026-09-16T08:26:26.230690029Z         use_bpe_dropout: null
2026-09-16T08:26:26.230690900Z         num_of_transcriptions: 5
2026-09-16T08:26:26.230691780Z         bpe_alpha: 0.3
2026-09-16T08:26:26.230692576Z         var_bpe_scoring_temp: 10.0
2026-09-16T08:26:26.230693377Z         var_bpe_penalize_subsplits: true
2026-09-16T08:26:26.230694261Z       boosting_tree_alpha: 0.0
2026-09-16T08:26:26.230695069Z       enable_per_stream_biasing: true
2026-09-16T08:26:26.230695944Z       max_symbols: 10
2026-09-16T08:26:26.230696868Z     beam:
2026-09-16T08:26:26.230697640Z       beam_size: 4
2026-09-16T08:26:26.230698400Z       search_type: default
2026-09-16T08:26:26.230699378Z       score_norm: true
2026-09-16T08:26:26.230700374Z       return_best_hypothesis: true
2026-09-16T08:26:26.230701189Z       tsd_max_sym_exp_per_step: 50
2026-09-16T08:26:26.230702080Z       alsd_max_target_len: 1.0
2026-09-16T08:26:26.230703028Z       nsc_max_timesteps_expansion: 1
2026-09-16T08:26:26.230703851Z       nsc_prefix_alpha: 1
2026-09-16T08:26:26.230704760Z       maes_num_steps: 2
2026-09-16T08:26:26.230705524Z       maes_prefix_alpha: 1
2026-09-16T08:26:26.230706284Z       maes_expansion_gamma: 2.3
2026-09-16T08:26:26.230707027Z       maes_expansion_beta: 2
2026-09-16T08:26:26.230707973Z       language_model: null
2026-09-16T08:26:26.230708728Z       softmax_temperature: 1.0
2026-09-16T08:26:26.230709548Z       preserve_alignments: false
2026-09-16T08:26:26.230710313Z       ngram_lm_model: null
2026-09-16T08:26:26.230711214Z       ngram_lm_alpha: 0.0
2026-09-16T08:26:26.230711966Z       boosting_tree:
2026-09-16T08:26:26.230712736Z         model_path: null
2026-09-16T08:26:26.230713475Z         key_phrases_file: null
2026-09-16T08:26:26.230714240Z         key_phrases_list: null
2026-09-16T08:26:26.230716720Z         key_phrase_items_list: null
2026-09-16T08:26:26.230717967Z         context_score: 1.0
2026-09-16T08:26:26.230718747Z         depth_scaling: 2.0
2026-09-16T08:26:26.230719525Z         unk_score: 0.0
2026-09-16T08:26:26.230720284Z         final_eos_score: 1.0
2026-09-16T08:26:26.230721039Z         score_per_phrase: 0.0
2026-09-16T08:26:26.230721798Z         source_lang: en
2026-09-16T08:26:26.230722672Z         use_triton: null
2026-09-16T08:26:26.230723446Z         uniform_weights: false
2026-09-16T08:26:26.230724292Z         bpe_mode: default
2026-09-16T08:26:26.230725040Z         use_bpe_dropout: null
2026-09-16T08:26:26.230725910Z         num_of_transcriptions: 5
2026-09-16T08:26:26.230726670Z         bpe_alpha: 0.3
2026-09-16T08:26:26.230727454Z         var_bpe_scoring_temp: 10.0
2026-09-16T08:26:26.230728359Z         var_bpe_penalize_subsplits: true
2026-09-16T08:26:26.230729125Z       boosting_tree_alpha: 0.0
2026-09-16T08:26:26.230729886Z       hat_subtract_ilm: false
2026-09-16T08:26:26.230730660Z       hat_ilm_weight: 0.0
2026-09-16T08:26:26.230731417Z       max_symbols_per_step: 10
2026-09-16T08:26:26.230732213Z       blank_lm_score_mode: LM_WEIGHTED_FULL
2026-09-16T08:26:26.230733029Z       pruning_mode: LATE
2026-09-16T08:26:26.230733810Z       allow_cuda_graphs: true
2026-09-16T08:26:26.230734596Z       enable_per_stream_biasing: false
2026-09-16T08:26:26.230735400Z       preserve_frame_confidence: false
2026-09-16T08:26:26.230736226Z       tdt_include_duration_confidence: false
2026-09-16T08:26:26.230737102Z       confidence_method_cfg:
2026-09-16T08:26:26.230737857Z         name: entropy
2026-09-16T08:26:26.230738606Z         entropy_type: tsallis
2026-09-16T08:26:26.230739484Z         alpha: 0.33
2026-09-16T08:26:26.230740236Z         entropy_norm: exp
2026-09-16T08:26:26.230740990Z         temperature: DEPRECATED
2026-09-16T08:26:26.230741733Z     temperature: 1.0
2026-09-16T08:26:26.230742472Z     durations: []
2026-09-16T08:26:26.230743250Z     big_blank_durations: []
2026-09-16T08:26:26.230744006Z     strip_lang_tags: false
2026-09-16T08:26:26.230744854Z     lang_tag_pattern: null
2026-09-16T08:26:26.230745895Z     
2026-09-16T08:26:26.236016964Z [NeMo I 2026-09-16 08:26:26 base_builder:147] ASR model `/cache/huggingface/hub/models--nvidia--nemotron-speech-streaming-en-0.6b/snapshots/ebe59e5a817142986528bbbee5dba8db7b38ed50/nemotron-speech-streaming-en-0.6b.nemo` loaded
2026-09-16T08:26:26.302214571Z [NeMo I 2026-09-16 08:26:26 cache_aware_pipeline_builder:107] `CacheAwareRNNTPipeline` pipeline loaded
2026-09-16T08:26:26.302416183Z {"event": "runtime_loaded", "timings": {"runtime_import_seconds": 6.711997264003003, "checkpoint_acquisition_seconds": 29.03203492800094, "model_load_seconds": 7.422210664000886}, "torch": "2.8.0+cu128", "cuda": "12.8", "device": "NVIDIA H100 80GB HBM3", "compute_capability": [9, 0], "frame_samples": 8960}
2026-09-16T08:26:26.370147668Z {"event": "fixture", "text": "Welcome to the scientific artificial intelligence platform. This is a speech recognition test. We are checking that every spoken word is transcribed, including the very last word. The final word is telescope.", "sha256": "02bfe969674facbd59d5aef773a86cc9fbe030d12418b1657ae92d4ac678b4d4", "source": "espeak-ng"}
2026-09-16T08:26:40.472217350Z {"event": "transcript_event", "elapsed_seconds": 14.10199985700092, "before_end_of_stream": true, "type": "transcript.partial", "session_id": "49e22fea-e9ba-44e9-86f8-c8120a62fce0", "sequence": 1, "segment_id": 0, "revision": 1, "text": " Welcome to the"}
2026-09-16T08:26:40.526095662Z {"event": "transcript_event", "elapsed_seconds": 14.155918950000341, "before_end_of_stream": true, "type": "transcript.partial", "session_id": "49e22fea-e9ba-44e9-86f8-c8120a62fce0", "sequence": 2, "segment_id": 0, "revision": 2, "text": " Welcome to the scientific"}
2026-09-16T08:26:40.555286201Z {"event": "transcript_event", "elapsed_seconds": 14.1850000930026, "before_end_of_stream": true, "type": "transcript.partial", "session_id": "49e22fea-e9ba-44e9-86f8-c8120a62fce0", "sequence": 3, "segment_id": 0, "revision": 3, "text": " Welcome to the scientific artificial intellig"}
2026-09-16T08:26:40.580418970Z {"event": "transcript_event", "elapsed_seconds": 14.210175405001792, "before_end_of_stream": true, "type": "transcript.partial", "session_id": "49e22fea-e9ba-44e9-86f8-c8120a62fce0", "sequence": 4, "segment_id": 0, "revision": 4, "text": " Welcome to the scientific artificial intelligence"}
2026-09-16T08:26:40.607859892Z {"event": "transcript_event", "elapsed_seconds": 14.23771131200192, "before_end_of_stream": true, "type": "transcript.partial", "session_id": "49e22fea-e9ba-44e9-86f8-c8120a62fce0", "sequence": 5, "segment_id": 0, "revision": 5, "text": " Welcome to the scientific artificial intelligence platform"}
2026-09-16T08:26:40.638077178Z {"event": "transcript_event", "elapsed_seconds": 14.267932820002898, "before_end_of_stream": true, "type": "transcript.partial", "session_id": "49e22fea-e9ba-44e9-86f8-c8120a62fce0", "sequence": 6, "segment_id": 0, "revision": 6, "text": " Welcome to the scientific artificial intelligence platform. This is"}
2026-09-16T08:26:40.665187247Z {"event": "transcript_event", "elapsed_seconds": 14.295012808001047, "before_end_of_stream": true, "type": "transcript.partial", "session_id": "49e22fea-e9ba-44e9-86f8-c8120a62fce0", "sequence": 7, "segment_id": 0, "revision": 7, "text": " Welcome to the scientific artificial intelligence platform. This is a speech"}
2026-09-16T08:26:40.693508599Z {"event": "transcript_event", "elapsed_seconds": 14.323202683001, "before_end_of_stream": true, "type": "transcript.partial", "session_id": "49e22fea-e9ba-44e9-86f8-c8120a62fce0", "sequence": 8, "segment_id": 0, "revision": 8, "text": " Welcome to the scientific artificial intelligence platform. This is a speech recognit"}
2026-09-16T08:26:40.720147175Z {"event": "transcript_event", "elapsed_seconds": 14.350011132999498, "before_end_of_stream": true, "type": "transcript.partial", "session_id": "49e22fea-e9ba-44e9-86f8-c8120a62fce0", "sequence": 9, "segment_id": 0, "revision": 9, "text": " Welcome to the scientific artificial intelligence platform. This is a speech recognition test"}
2026-09-16T08:26:40.744165348Z {"event": "transcript_event", "elapsed_seconds": 14.374038846002804, "before_end_of_stream": true, "type": "transcript.final", "session_id": "49e22fea-e9ba-44e9-86f8-c8120a62fce0", "sequence": 10, "segment_id": 0, "revision": 10, "text": " Welcome to the scientific artificial intelligence platform. This is a speech recognition test"}
2026-09-16T08:26:40.771600965Z {"event": "transcript_event", "elapsed_seconds": 14.401461168999958, "before_end_of_stream": true, "type": "transcript.partial", "session_id": "49e22fea-e9ba-44e9-86f8-c8120a62fce0", "sequence": 11, "segment_id": 1, "revision": 1, "text": ". We are check"}
2026-09-16T08:26:40.797067182Z {"event": "transcript_event", "elapsed_seconds": 14.426791337002214, "before_end_of_stream": true, "type": "transcript.partial", "session_id": "49e22fea-e9ba-44e9-86f8-c8120a62fce0", "sequence": 12, "segment_id": 1, "revision": 2, "text": ". We are checking"}
2026-09-16T08:26:40.824154070Z {"event": "transcript_event", "elapsed_seconds": 14.454024609000044, "before_end_of_stream": true, "type": "transcript.partial", "session_id": "49e22fea-e9ba-44e9-86f8-c8120a62fce0", "sequence": 13, "segment_id": 1, "revision": 3, "text": ". We are checking that every"}
2026-09-16T08:26:40.852668542Z {"event": "transcript_event", "elapsed_seconds": 14.482520428002317, "before_end_of_stream": true, "type": "transcript.partial", "session_id": "49e22fea-e9ba-44e9-86f8-c8120a62fce0", "sequence": 14, "segment_id": 1, "revision": 4, "text": ". We are checking that every spoken word"}
2026-09-16T08:26:40.879074927Z {"event": "transcript_event", "elapsed_seconds": 14.508936844002164, "before_end_of_stream": true, "type": "transcript.partial", "session_id": "49e22fea-e9ba-44e9-86f8-c8120a62fce0", "sequence": 15, "segment_id": 1, "revision": 5, "text": ". We are checking that every spoken word is trans"}
2026-09-16T08:26:40.906366235Z {"event": "transcript_event", "elapsed_seconds": 14.536062031002075, "before_end_of_stream": true, "type": "transcript.partial", "session_id": "49e22fea-e9ba-44e9-86f8-c8120a62fce0", "sequence": 16, "segment_id": 1, "revision": 6, "text": ". We are checking that every spoken word is transcribed"}
2026-09-16T08:26:40.933198616Z {"event": "transcript_event", "elapsed_seconds": 14.563029857999936, "before_end_of_stream": true, "type": "transcript.partial", "session_id": "49e22fea-e9ba-44e9-86f8-c8120a62fce0", "sequence": 17, "segment_id": 1, "revision": 7, "text": ". We are checking that every spoken word is transcribed, includ"}
2026-09-16T08:26:40.958629855Z {"event": "transcript_event", "elapsed_seconds": 14.588363324000966, "before_end_of_stream": true, "type": "transcript.partial", "session_id": "49e22fea-e9ba-44e9-86f8-c8120a62fce0", "sequence": 18, "segment_id": 1, "revision": 8, "text": ". We are checking that every spoken word is transcribed, including the"}
2026-09-16T08:26:40.985578968Z {"event": "transcript_event", "elapsed_seconds": 14.615306327003054, "before_end_of_stream": true, "type": "transcript.partial", "session_id": "49e22fea-e9ba-44e9-86f8-c8120a62fce0", "sequence": 19, "segment_id": 1, "revision": 9, "text": ". We are checking that every spoken word is transcribed, including the very last"}
2026-09-16T08:26:41.011237636Z {"event": "transcript_event", "elapsed_seconds": 14.641073921000498, "before_end_of_stream": true, "type": "transcript.partial", "session_id": "49e22fea-e9ba-44e9-86f8-c8120a62fce0", "sequence": 20, "segment_id": 1, "revision": 10, "text": ". We are checking that every spoken word is transcribed, including the very last word"}
2026-09-16T08:26:41.034623868Z {"event": "transcript_event", "elapsed_seconds": 14.664473161999922, "before_end_of_stream": true, "type": "transcript.final", "session_id": "49e22fea-e9ba-44e9-86f8-c8120a62fce0", "sequence": 21, "segment_id": 1, "revision": 11, "text": ". We are checking that every spoken word is transcribed, including the very last word"}
2026-09-16T08:26:41.063975319Z {"event": "transcript_event", "elapsed_seconds": 14.693837350001559, "before_end_of_stream": true, "type": "transcript.partial", "session_id": "49e22fea-e9ba-44e9-86f8-c8120a62fce0", "sequence": 22, "segment_id": 2, "revision": 1, "text": ". The final word"}
2026-09-16T08:26:41.089319373Z {"event": "transcript_event", "elapsed_seconds": 14.719033962999674, "before_end_of_stream": true, "type": "transcript.partial", "session_id": "49e22fea-e9ba-44e9-86f8-c8120a62fce0", "sequence": 23, "segment_id": 2, "revision": 2, "text": ". The final word is"}
2026-09-16T08:26:41.118411151Z {"event": "transcript_event", "elapsed_seconds": 14.748283435001213, "before_end_of_stream": true, "type": "transcript.partial", "session_id": "49e22fea-e9ba-44e9-86f8-c8120a62fce0", "sequence": 24, "segment_id": 2, "revision": 3, "text": ". The final word is telescope"}
2026-09-16T08:26:41.142716303Z {"event": "transcript_event", "elapsed_seconds": 14.772592302000703, "before_end_of_stream": false, "type": "transcript.final", "session_id": "49e22fea-e9ba-44e9-86f8-c8120a62fce0", "sequence": 25, "segment_id": 2, "revision": 4, "text": ". The final word is telescope."}
2026-09-16T08:26:41.143079254Z {"event": "warmup", "paced": false, "audio_seconds": 14.69075, "wall_seconds": 14.772656266999547, "model_step_seconds": [14.069219924000208, 0.03251788199850125, 0.024596121998911258, 0.029090948999510147, 0.028960994000954088, 0.02504479699928197, 0.027421101000072667, 0.030099726001935778, 0.026967937999870628, 0.028041176999977324, 0.026697378998505883, 0.023906094997073524, 0.02730528400206822, 0.02522490800038213, 0.027123476000269875, 0.02836822300014319, 0.02631085000029998, 0.027013096998416586, 0.026851342001464218, 0.02521228399928077, 0.02684179599964409, 0.025664490000053775, 0.023283287999220192, 0.02925533999950858, 0.02508391700030188, 0.02912146300150198, 0.02422311199916294], "first_partial_seconds": 14.10199985700092, "first_final_seconds": 14.374038846002804, "finalization_seconds": 0.02438551400337019, "real_time_factor": 1.0055753632047069, "peak_gpu_allocated_bytes": 2834901504, "peak_gpu_reserved_bytes": 5307891712, "transcript": "Welcome to the scientific artificial intelligence platform. This is a speech recognition test. We are checking that every spoken word is transcribed, including the very last word. The final word is telescope.", "event_count": 25, "required_words_present": ["recognition", "speech", "telescope", "test"], "passed_diagnostic": true}
2026-09-16T08:26:41.197578456Z {"event": "transcript_event", "elapsed_seconds": 0.05421738000222831, "before_end_of_stream": true, "type": "transcript.partial", "session_id": "dd39a2d4-3ba5-4fe6-91ba-433eddfae8e9", "sequence": 1, "segment_id": 0, "revision": 1, "text": " Welcome to the"}
2026-09-16T08:26:41.250680787Z {"event": "transcript_event", "elapsed_seconds": 0.10749525500068557, "before_end_of_stream": true, "type": "transcript.partial", "session_id": "dd39a2d4-3ba5-4fe6-91ba-433eddfae8e9", "sequence": 2, "segment_id": 0, "revision": 2, "text": " Welcome to the scientific"}
2026-09-16T08:26:41.280504150Z {"event": "transcript_event", "elapsed_seconds": 0.13732391899975482, "before_end_of_stream": true, "type": "transcript.partial", "session_id": "dd39a2d4-3ba5-4fe6-91ba-433eddfae8e9", "sequence": 3, "segment_id": 0, "revision": 3, "text": " Welcome to the scientific artificial intellig"}
2026-09-16T08:26:41.306660375Z {"event": "transcript_event", "elapsed_seconds": 0.16332243100259802, "before_end_of_stream": true, "type": "transcript.partial", "session_id": "dd39a2d4-3ba5-4fe6-91ba-433eddfae8e9", "sequence": 4, "segment_id": 0, "revision": 4, "text": " Welcome to the scientific artificial intelligence"}
2026-09-16T08:26:41.333259240Z {"event": "transcript_event", "elapsed_seconds": 0.19007764699927066, "before_end_of_stream": true, "type": "transcript.partial", "session_id": "dd39a2d4-3ba5-4fe6-91ba-433eddfae8e9", "sequence": 5, "segment_id": 0, "revision": 5, "text": " Welcome to the scientific artificial intelligence platform"}
2026-09-16T08:26:41.359752337Z {"event": "transcript_event", "elapsed_seconds": 0.2165825150004821, "before_end_of_stream": true, "type": "transcript.partial", "session_id": "dd39a2d4-3ba5-4fe6-91ba-433eddfae8e9", "sequence": 6, "segment_id": 0, "revision": 6, "text": " Welcome to the scientific artificial intelligence platform. This is"}
2026-09-16T08:26:41.387141494Z {"event": "transcript_event", "elapsed_seconds": 0.2439692450025177, "before_end_of_stream": true, "type": "transcript.partial", "session_id": "dd39a2d4-3ba5-4fe6-91ba-433eddfae8e9", "sequence": 7, "segment_id": 0, "revision": 7, "text": " Welcome to the scientific artificial intelligence platform. This is a speech"}
2026-09-16T08:26:41.415537287Z {"event": "transcript_event", "elapsed_seconds": 0.2723746480005502, "before_end_of_stream": true, "type": "transcript.partial", "session_id": "dd39a2d4-3ba5-4fe6-91ba-433eddfae8e9", "sequence": 8, "segment_id": 0, "revision": 8, "text": " Welcome to the scientific artificial intelligence platform. This is a speech recognit"}
2026-09-16T08:26:41.442187425Z {"event": "transcript_event", "elapsed_seconds": 0.2990079289993446, "before_end_of_stream": true, "type": "transcript.partial", "session_id": "dd39a2d4-3ba5-4fe6-91ba-433eddfae8e9", "sequence": 9, "segment_id": 0, "revision": 9, "text": " Welcome to the scientific artificial intelligence platform. This is a speech recognition test"}
2026-09-16T08:26:41.465439046Z {"event": "transcript_event", "elapsed_seconds": 0.3222718899996835, "before_end_of_stream": true, "type": "transcript.final", "session_id": "dd39a2d4-3ba5-4fe6-91ba-433eddfae8e9", "sequence": 10, "segment_id": 0, "revision": 10, "text": " Welcome to the scientific artificial intelligence platform. This is a speech recognition test"}
2026-09-16T08:26:41.493605699Z {"event": "transcript_event", "elapsed_seconds": 0.3504357710007753, "before_end_of_stream": true, "type": "transcript.partial", "session_id": "dd39a2d4-3ba5-4fe6-91ba-433eddfae8e9", "sequence": 11, "segment_id": 1, "revision": 1, "text": ". We are check"}
2026-09-16T08:26:41.520061396Z {"event": "transcript_event", "elapsed_seconds": 0.37683584000114934, "before_end_of_stream": true, "type": "transcript.partial", "session_id": "dd39a2d4-3ba5-4fe6-91ba-433eddfae8e9", "sequence": 12, "segment_id": 1, "revision": 2, "text": ". We are checking"}
2026-09-16T08:26:41.547522898Z {"event": "transcript_event", "elapsed_seconds": 0.4043009900015022, "before_end_of_stream": true, "type": "transcript.partial", "session_id": "dd39a2d4-3ba5-4fe6-91ba-433eddfae8e9", "sequence": 13, "segment_id": 1, "revision": 3, "text": ". We are checking that every"}
2026-09-16T08:26:41.576037271Z {"event": "transcript_event", "elapsed_seconds": 0.43284156400113716, "before_end_of_stream": true, "type": "transcript.partial", "session_id": "dd39a2d4-3ba5-4fe6-91ba-433eddfae8e9", "sequence": 14, "segment_id": 1, "revision": 4, "text": ". We are checking that every spoken word"}
2026-09-16T08:26:41.603056169Z {"event": "transcript_event", "elapsed_seconds": 0.4598855399999593, "before_end_of_stream": true, "type": "transcript.partial", "session_id": "dd39a2d4-3ba5-4fe6-91ba-433eddfae8e9", "sequence": 15, "segment_id": 1, "revision": 5, "text": ". We are checking that every spoken word is trans"}
2026-09-16T08:26:41.629366271Z {"event": "transcript_event", "elapsed_seconds": 0.4861936150009569, "before_end_of_stream": true, "type": "transcript.partial", "session_id": "dd39a2d4-3ba5-4fe6-91ba-433eddfae8e9", "sequence": 16, "segment_id": 1, "revision": 6, "text": ". We are checking that every spoken word is transcribed"}
2026-09-16T08:26:41.655265692Z {"event": "transcript_event", "elapsed_seconds": 0.5120989560018643, "before_end_of_stream": true, "type": "transcript.partial", "session_id": "dd39a2d4-3ba5-4fe6-91ba-433eddfae8e9", "sequence": 17, "segment_id": 1, "revision": 7, "text": ". We are checking that every spoken word is transcribed, includ"}
2026-09-16T08:26:41.680438952Z {"event": "transcript_event", "elapsed_seconds": 0.5372731980023673, "before_end_of_stream": true, "type": "transcript.partial", "session_id": "dd39a2d4-3ba5-4fe6-91ba-433eddfae8e9", "sequence": 18, "segment_id": 1, "revision": 8, "text": ". We are checking that every spoken word is transcribed, including the"}
2026-09-16T08:26:41.707880860Z {"event": "transcript_event", "elapsed_seconds": 0.5647109420024208, "before_end_of_stream": true, "type": "transcript.partial", "session_id": "dd39a2d4-3ba5-4fe6-91ba-433eddfae8e9", "sequence": 19, "segment_id": 1, "revision": 9, "text": ". We are checking that every spoken word is transcribed, including the very last"}
2026-09-16T08:26:41.733992993Z {"event": "transcript_event", "elapsed_seconds": 0.5908216919997358, "before_end_of_stream": true, "type": "transcript.partial", "session_id": "dd39a2d4-3ba5-4fe6-91ba-433eddfae8e9", "sequence": 20, "segment_id": 1, "revision": 10, "text": ". We are checking that every spoken word is transcribed, including the very last word"}
2026-09-16T08:26:41.758564185Z {"event": "transcript_event", "elapsed_seconds": 0.6153730700025335, "before_end_of_stream": true, "type": "transcript.final", "session_id": "dd39a2d4-3ba5-4fe6-91ba-433eddfae8e9", "sequence": 21, "segment_id": 1, "revision": 11, "text": ". We are checking that every spoken word is transcribed, including the very last word"}
2026-09-16T08:26:41.788312419Z {"event": "transcript_event", "elapsed_seconds": 0.6451390410002205, "before_end_of_stream": true, "type": "transcript.partial", "session_id": "dd39a2d4-3ba5-4fe6-91ba-433eddfae8e9", "sequence": 22, "segment_id": 2, "revision": 1, "text": ". The final word"}
2026-09-16T08:26:41.814347786Z {"event": "transcript_event", "elapsed_seconds": 0.6711802200006787, "before_end_of_stream": true, "type": "transcript.partial", "session_id": "dd39a2d4-3ba5-4fe6-91ba-433eddfae8e9", "sequence": 23, "segment_id": 2, "revision": 2, "text": ". The final word is"}
2026-09-16T08:26:41.842722385Z {"event": "transcript_event", "elapsed_seconds": 0.6995536360009282, "before_end_of_stream": true, "type": "transcript.partial", "session_id": "dd39a2d4-3ba5-4fe6-91ba-433eddfae8e9", "sequence": 24, "segment_id": 2, "revision": 3, "text": ". The final word is telescope"}
2026-09-16T08:26:41.867253059Z {"event": "transcript_event", "elapsed_seconds": 0.7240820670012909, "before_end_of_stream": false, "type": "transcript.final", "session_id": "dd39a2d4-3ba5-4fe6-91ba-433eddfae8e9", "sequence": 25, "segment_id": 2, "revision": 4, "text": ". The final word is telescope."}
2026-09-16T08:26:41.867536036Z {"event": "measurement", "repetition": 0, "paced": false, "audio_seconds": 14.69075, "wall_seconds": 0.7241402950021438, "model_step_seconds": [0.02393900600145571, 0.030066931998590007, 0.02566572800060385, 0.027426990996900713, 0.02971839000019827, 0.025887094001518562, 0.026650734998838743, 0.02639992499825894, 0.0272846620027849, 0.028285747997870203, 0.026526413999818033, 0.023145938997913618, 0.028062607001629658, 0.026297921998775564, 0.027340189000824466, 0.028430629001377383, 0.026918481999018695, 0.026198604999081, 0.025799221999477595, 0.025072624997847015, 0.027332428999216063, 0.026004634997661924, 0.024451034998492105, 0.029659004998393357, 0.02593671899740002, 0.028272380000998965, 0.0244497349995072], "first_partial_seconds": 0.05421738000222831, "first_final_seconds": 0.3222718899996835, "finalization_seconds": 0.024535140000807587, "real_time_factor": 0.049292261797535444, "peak_gpu_allocated_bytes": 2688301568, "peak_gpu_reserved_bytes": 5307891712, "transcript": "Welcome to the scientific artificial intelligence platform. This is a speech recognition test. We are checking that every spoken word is transcribed, including the very last word. The final word is telescope.", "event_count": 25, "required_words_present": ["recognition", "speech", "telescope", "test"], "passed_diagnostic": true}
2026-09-16T08:26:41.923096100Z {"event": "transcript_event", "elapsed_seconds": 0.055483019998064265, "before_end_of_stream": true, "type": "transcript.partial", "session_id": "28e5b4a5-7da0-4daa-a17e-ff43032f1f75", "sequence": 1, "segment_id": 0, "revision": 1, "text": " Welcome to the"}
2026-09-16T08:26:41.972723238Z {"event": "transcript_event", "elapsed_seconds": 0.10511527199923876, "before_end_of_stream": true, "type": "transcript.partial", "session_id": "28e5b4a5-7da0-4daa-a17e-ff43032f1f75", "sequence": 2, "segment_id": 0, "revision": 2, "text": " Welcome to the scientific"}
2026-09-16T08:26:42.001728731Z {"event": "transcript_event", "elapsed_seconds": 0.13412686299852794, "before_end_of_stream": true, "type": "transcript.partial", "session_id": "28e5b4a5-7da0-4daa-a17e-ff43032f1f75", "sequence": 3, "segment_id": 0, "revision": 3, "text": " Welcome to the scientific artificial intellig"}
2026-09-16T08:26:42.026166789Z {"event": "transcript_event", "elapsed_seconds": 0.15855409099822282, "before_end_of_stream": true, "type": "transcript.partial", "session_id": "28e5b4a5-7da0-4daa-a17e-ff43032f1f75", "sequence": 4, "segment_id": 0, "revision": 4, "text": " Welcome to the scientific artificial intelligence"}
2026-09-16T08:26:42.051943972Z {"event": "transcript_event", "elapsed_seconds": 0.18434292799793184, "before_end_of_stream": true, "type": "transcript.partial", "session_id": "28e5b4a5-7da0-4daa-a17e-ff43032f1f75", "sequence": 5, "segment_id": 0, "revision": 5, "text": " Welcome to the scientific artificial intelligence platform"}
2026-09-16T08:26:42.079041519Z {"event": "transcript_event", "elapsed_seconds": 0.21143682899855776, "before_end_of_stream": true, "type": "transcript.partial", "session_id": "28e5b4a5-7da0-4daa-a17e-ff43032f1f75", "sequence": 6, "segment_id": 0, "revision": 6, "text": " Welcome to the scientific artificial intelligence platform. This is"}
2026-09-16T08:26:42.106726105Z {"event": "transcript_event", "elapsed_seconds": 0.239126178999868, "before_end_of_stream": true, "type": "transcript.partial", "session_id": "28e5b4a5-7da0-4daa-a17e-ff43032f1f75", "sequence": 7, "segment_id": 0, "revision": 7, "text": " Welcome to the scientific artificial intelligence platform. This is a speech"}
2026-09-16T08:26:42.133162228Z {"event": "transcript_event", "elapsed_seconds": 0.26555877799910377, "before_end_of_stream": true, "type": "transcript.partial", "session_id": "28e5b4a5-7da0-4daa-a17e-ff43032f1f75", "sequence": 8, "segment_id": 0, "revision": 8, "text": " Welcome to the scientific artificial intelligence platform. This is a speech recognit"}
2026-09-16T08:26:42.159171966Z {"event": "transcript_event", "elapsed_seconds": 0.2915644169988809, "before_end_of_stream": true, "type": "transcript.partial", "session_id": "28e5b4a5-7da0-4daa-a17e-ff43032f1f75", "sequence": 9, "segment_id": 0, "revision": 9, "text": " Welcome to the scientific artificial intelligence platform. This is a speech recognition test"}
2026-09-16T08:26:42.183595101Z {"event": "transcript_event", "elapsed_seconds": 0.31599159200050053, "before_end_of_stream": true, "type": "transcript.final", "session_id": "28e5b4a5-7da0-4daa-a17e-ff43032f1f75", "sequence": 10, "segment_id": 0, "revision": 10, "text": " Welcome to the scientific artificial intelligence platform. This is a speech recognition test"}
2026-09-16T08:26:42.213214756Z {"event": "transcript_event", "elapsed_seconds": 0.3455937190010445, "before_end_of_stream": true, "type": "transcript.partial", "session_id": "28e5b4a5-7da0-4daa-a17e-ff43032f1f75", "sequence": 11, "segment_id": 1, "revision": 1, "text": ". We are check"}
2026-09-16T08:26:42.239030700Z {"event": "transcript_event", "elapsed_seconds": 0.37142652300099144, "before_end_of_stream": true, "type": "transcript.partial", "session_id": "28e5b4a5-7da0-4daa-a17e-ff43032f1f75", "sequence": 12, "segment_id": 1, "revision": 2, "text": ". We are checking"}
2026-09-16T08:26:42.266373472Z {"event": "transcript_event", "elapsed_seconds": 0.398764816000039, "before_end_of_stream": true, "type": "transcript.partial", "session_id": "28e5b4a5-7da0-4daa-a17e-ff43032f1f75", "sequence": 13, "segment_id": 1, "revision": 3, "text": ". We are checking that every"}
2026-09-16T08:26:42.294874093Z {"event": "transcript_event", "elapsed_seconds": 0.4272647660000075, "before_end_of_stream": true, "type": "transcript.partial", "session_id": "28e5b4a5-7da0-4daa-a17e-ff43032f1f75", "sequence": 14, "segment_id": 1, "revision": 4, "text": ". We are checking that every spoken word"}
2026-09-16T08:26:42.321661339Z {"event": "transcript_event", "elapsed_seconds": 0.4540577289990324, "before_end_of_stream": true, "type": "transcript.partial", "session_id": "28e5b4a5-7da0-4daa-a17e-ff43032f1f75", "sequence": 15, "segment_id": 1, "revision": 5, "text": ". We are checking that every spoken word is trans"}
2026-09-16T08:26:42.347667638Z {"event": "transcript_event", "elapsed_seconds": 0.4800726159992337, "before_end_of_stream": true, "type": "transcript.partial", "session_id": "28e5b4a5-7da0-4daa-a17e-ff43032f1f75", "sequence": 16, "segment_id": 1, "revision": 6, "text": ". We are checking that every spoken word is transcribed"}
2026-09-16T08:26:42.373321316Z {"event": "transcript_event", "elapsed_seconds": 0.5057240259993705, "before_end_of_stream": true, "type": "transcript.partial", "session_id": "28e5b4a5-7da0-4daa-a17e-ff43032f1f75", "sequence": 17, "segment_id": 1, "revision": 7, "text": ". We are checking that every spoken word is transcribed, includ"}
2026-09-16T08:26:42.399718346Z {"event": "transcript_event", "elapsed_seconds": 0.5321175079989189, "before_end_of_stream": true, "type": "transcript.partial", "session_id": "28e5b4a5-7da0-4daa-a17e-ff43032f1f75", "sequence": 18, "segment_id": 1, "revision": 8, "text": ". We are checking that every spoken word is transcribed, including the"}
2026-09-16T08:26:42.426979855Z {"event": "transcript_event", "elapsed_seconds": 0.5593812170009187, "before_end_of_stream": true, "type": "transcript.partial", "session_id": "28e5b4a5-7da0-4daa-a17e-ff43032f1f75", "sequence": 19, "segment_id": 1, "revision": 9, "text": ". We are checking that every spoken word is transcribed, including the very last"}
2026-09-16T08:26:42.452550498Z {"event": "transcript_event", "elapsed_seconds": 0.5849516519992903, "before_end_of_stream": true, "type": "transcript.partial", "session_id": "28e5b4a5-7da0-4daa-a17e-ff43032f1f75", "sequence": 20, "segment_id": 1, "revision": 10, "text": ". We are checking that every spoken word is transcribed, including the very last word"}
2026-09-16T08:26:42.477316188Z {"event": "transcript_event", "elapsed_seconds": 0.6097167740008445, "before_end_of_stream": true, "type": "transcript.final", "session_id": "28e5b4a5-7da0-4daa-a17e-ff43032f1f75", "sequence": 21, "segment_id": 1, "revision": 11, "text": ". We are checking that every spoken word is transcribed, including the very last word"}
2026-09-16T08:26:42.511899519Z {"event": "transcript_event", "elapsed_seconds": 0.6442872869993153, "before_end_of_stream": true, "type": "transcript.partial", "session_id": "28e5b4a5-7da0-4daa-a17e-ff43032f1f75", "sequence": 22, "segment_id": 2, "revision": 1, "text": ". The final word"}
2026-09-16T08:26:42.537051968Z {"event": "transcript_event", "elapsed_seconds": 0.6694561389995215, "before_end_of_stream": true, "type": "transcript.partial", "session_id": "28e5b4a5-7da0-4daa-a17e-ff43032f1f75", "sequence": 23, "segment_id": 2, "revision": 2, "text": ". The final word is"}
2026-09-16T08:26:42.565680293Z {"event": "transcript_event", "elapsed_seconds": 0.6980791540008795, "before_end_of_stream": true, "type": "transcript.partial", "session_id": "28e5b4a5-7da0-4daa-a17e-ff43032f1f75", "sequence": 24, "segment_id": 2, "revision": 3, "text": ". The final word is telescope"}
2026-09-16T08:26:42.589807662Z {"event": "transcript_event", "elapsed_seconds": 0.7222108589994605, "before_end_of_stream": false, "type": "transcript.final", "session_id": "28e5b4a5-7da0-4daa-a17e-ff43032f1f75", "sequence": 25, "segment_id": 2, "revision": 4, "text": ". The final word is telescope."}
2026-09-16T08:26:42.590083656Z {"event": "measurement", "repetition": 1, "paced": false, "audio_seconds": 14.69075, "wall_seconds": 0.7222705309977755, "model_step_seconds": [0.025481061999016674, 0.029797946001053788, 0.023831542999687372, 0.025631268999859458, 0.028904181002872065, 0.024320436001289636, 0.025668510999821592, 0.02697674700175412, 0.027579296001931652, 0.026328096999350237, 0.02587738799775252, 0.024307494997628964, 0.02948800900048809, 0.025706009000714403, 0.027227159996982664, 0.028390291998221073, 0.0266815469985886, 0.025904756999807432, 0.025547133998770732, 0.026288460001524072, 0.02715410000018892, 0.02546643700043205, 0.024659703001816524, 0.03445846699833055, 0.02506472599998233, 0.028521404001367046, 0.024048723000305472], "first_partial_seconds": 0.055483019998064265, "first_final_seconds": 0.31599159200050053, "finalization_seconds": 0.024136192998412298, "real_time_factor": 0.04916498687934758, "peak_gpu_allocated_bytes": 2688301568, "peak_gpu_reserved_bytes": 5307891712, "transcript": "Welcome to the scientific artificial intelligence platform. This is a speech recognition test. We are checking that every spoken word is transcribed, including the very last word. The final word is telescope.", "event_count": 25, "required_words_present": ["recognition", "speech", "telescope", "test"], "passed_diagnostic": true}
2026-09-16T08:26:42.644534144Z {"event": "transcript_event", "elapsed_seconds": 0.0543401629984146, "before_end_of_stream": true, "type": "transcript.partial", "session_id": "c7956390-203f-4139-aa05-925b3b631e6f", "sequence": 1, "segment_id": 0, "revision": 1, "text": " Welcome to the"}
2026-09-16T08:26:42.695097709Z {"event": "transcript_event", "elapsed_seconds": 0.10491420600010315, "before_end_of_stream": true, "type": "transcript.partial", "session_id": "c7956390-203f-4139-aa05-925b3b631e6f", "sequence": 2, "segment_id": 0, "revision": 2, "text": " Welcome to the scientific"}
2026-09-16T08:26:42.724886886Z {"event": "transcript_event", "elapsed_seconds": 0.13468413900045562, "before_end_of_stream": true, "type": "transcript.partial", "session_id": "c7956390-203f-4139-aa05-925b3b631e6f", "sequence": 3, "segment_id": 0, "revision": 3, "text": " Welcome to the scientific artificial intellig"}
2026-09-16T08:26:42.749690261Z {"event": "transcript_event", "elapsed_seconds": 0.15951433399823145, "before_end_of_stream": true, "type": "transcript.partial", "session_id": "c7956390-203f-4139-aa05-925b3b631e6f", "sequence": 4, "segment_id": 0, "revision": 4, "text": " Welcome to the scientific artificial intelligence"}
2026-09-16T08:26:42.776661198Z {"event": "transcript_event", "elapsed_seconds": 0.1864846309981658, "before_end_of_stream": true, "type": "transcript.partial", "session_id": "c7956390-203f-4139-aa05-925b3b631e6f", "sequence": 5, "segment_id": 0, "revision": 5, "text": " Welcome to the scientific artificial intelligence platform"}
2026-09-16T08:26:42.805493238Z {"event": "transcript_event", "elapsed_seconds": 0.21530851900024572, "before_end_of_stream": true, "type": "transcript.partial", "session_id": "c7956390-203f-4139-aa05-925b3b631e6f", "sequence": 6, "segment_id": 0, "revision": 6, "text": " Welcome to the scientific artificial intelligence platform. This is"}
2026-09-16T08:26:42.833664630Z {"event": "transcript_event", "elapsed_seconds": 0.24348171399833518, "before_end_of_stream": true, "type": "transcript.partial", "session_id": "c7956390-203f-4139-aa05-925b3b631e6f", "sequence": 7, "segment_id": 0, "revision": 7, "text": " Welcome to the scientific artificial intelligence platform. This is a speech"}
2026-09-16T08:26:42.861592028Z {"event": "transcript_event", "elapsed_seconds": 0.27139137499762, "before_end_of_stream": true, "type": "transcript.partial", "session_id": "c7956390-203f-4139-aa05-925b3b631e6f", "sequence": 8, "segment_id": 0, "revision": 8, "text": " Welcome to the scientific artificial intelligence platform. This is a speech recognit"}
2026-09-16T08:26:42.889876893Z {"event": "transcript_event", "elapsed_seconds": 0.2996791449986631, "before_end_of_stream": true, "type": "transcript.partial", "session_id": "c7956390-203f-4139-aa05-925b3b631e6f", "sequence": 9, "segment_id": 0, "revision": 9, "text": " Welcome to the scientific artificial intelligence platform. This is a speech recognition test"}
2026-09-16T08:26:42.915030030Z {"event": "transcript_event", "elapsed_seconds": 0.3248414359986782, "before_end_of_stream": true, "type": "transcript.final", "session_id": "c7956390-203f-4139-aa05-925b3b631e6f", "sequence": 10, "segment_id": 0, "revision": 10, "text": " Welcome to the scientific artificial intelligence platform. This is a speech recognition test"}
2026-09-16T08:26:42.944040415Z {"event": "transcript_event", "elapsed_seconds": 0.3538489389975439, "before_end_of_stream": true, "type": "transcript.partial", "session_id": "c7956390-203f-4139-aa05-925b3b631e6f", "sequence": 11, "segment_id": 1, "revision": 1, "text": ". We are check"}
2026-09-16T08:26:42.969024446Z {"event": "transcript_event", "elapsed_seconds": 0.3788566429975617, "before_end_of_stream": true, "type": "transcript.partial", "session_id": "c7956390-203f-4139-aa05-925b3b631e6f", "sequence": 12, "segment_id": 1, "revision": 2, "text": ". We are checking"}
2026-09-16T08:26:42.996949291Z {"event": "transcript_event", "elapsed_seconds": 0.4067822539982444, "before_end_of_stream": true, "type": "transcript.partial", "session_id": "c7956390-203f-4139-aa05-925b3b631e6f", "sequence": 13, "segment_id": 1, "revision": 3, "text": ". We are checking that every"}
2026-09-16T08:26:43.026101978Z {"event": "transcript_event", "elapsed_seconds": 0.4359243510007218, "before_end_of_stream": true, "type": "transcript.partial", "session_id": "c7956390-203f-4139-aa05-925b3b631e6f", "sequence": 14, "segment_id": 1, "revision": 4, "text": ". We are checking that every spoken word"}
2026-09-16T08:26:43.053082731Z {"event": "transcript_event", "elapsed_seconds": 0.4629099630001292, "before_end_of_stream": true, "type": "transcript.partial", "session_id": "c7956390-203f-4139-aa05-925b3b631e6f", "sequence": 15, "segment_id": 1, "revision": 5, "text": ". We are checking that every spoken word is trans"}
2026-09-16T08:26:43.079153870Z {"event": "transcript_event", "elapsed_seconds": 0.4889687389986648, "before_end_of_stream": true, "type": "transcript.partial", "session_id": "c7956390-203f-4139-aa05-925b3b631e6f", "sequence": 16, "segment_id": 1, "revision": 6, "text": ". We are checking that every spoken word is transcribed"}
2026-09-16T08:26:43.109837724Z {"event": "transcript_event", "elapsed_seconds": 0.5196317219997582, "before_end_of_stream": true, "type": "transcript.partial", "session_id": "c7956390-203f-4139-aa05-925b3b631e6f", "sequence": 17, "segment_id": 1, "revision": 7, "text": ". We are checking that every spoken word is transcribed, includ"}
2026-09-16T08:26:43.137316098Z {"event": "transcript_event", "elapsed_seconds": 0.5471136400010437, "before_end_of_stream": true, "type": "transcript.partial", "session_id": "c7956390-203f-4139-aa05-925b3b631e6f", "sequence": 18, "segment_id": 1, "revision": 8, "text": ". We are checking that every spoken word is transcribed, including the"}
2026-09-16T08:26:43.166271514Z {"event": "transcript_event", "elapsed_seconds": 0.5760999049998645, "before_end_of_stream": true, "type": "transcript.partial", "session_id": "c7956390-203f-4139-aa05-925b3b631e6f", "sequence": 19, "segment_id": 1, "revision": 9, "text": ". We are checking that every spoken word is transcribed, including the very last"}
2026-09-16T08:26:43.192958574Z {"event": "transcript_event", "elapsed_seconds": 0.6027871500009496, "before_end_of_stream": true, "type": "transcript.partial", "session_id": "c7956390-203f-4139-aa05-925b3b631e6f", "sequence": 20, "segment_id": 1, "revision": 10, "text": ". We are checking that every spoken word is transcribed, including the very last word"}
2026-09-16T08:26:43.217275358Z {"event": "transcript_event", "elapsed_seconds": 0.6270922299991071, "before_end_of_stream": true, "type": "transcript.final", "session_id": "c7956390-203f-4139-aa05-925b3b631e6f", "sequence": 21, "segment_id": 1, "revision": 11, "text": ". We are checking that every spoken word is transcribed, including the very last word"}
2026-09-16T08:26:43.246883117Z {"event": "transcript_event", "elapsed_seconds": 0.6565911789984966, "before_end_of_stream": true, "type": "transcript.partial", "session_id": "c7956390-203f-4139-aa05-925b3b631e6f", "sequence": 22, "segment_id": 2, "revision": 1, "text": ". The final word"}
2026-09-16T08:26:43.271699897Z {"event": "transcript_event", "elapsed_seconds": 0.6815330979989085, "before_end_of_stream": true, "type": "transcript.partial", "session_id": "c7956390-203f-4139-aa05-925b3b631e6f", "sequence": 23, "segment_id": 2, "revision": 2, "text": ". The final word is"}
2026-09-16T08:26:43.300794276Z {"event": "transcript_event", "elapsed_seconds": 0.7106253819983976, "before_end_of_stream": true, "type": "transcript.partial", "session_id": "c7956390-203f-4139-aa05-925b3b631e6f", "sequence": 24, "segment_id": 2, "revision": 3, "text": ". The final word is telescope"}
2026-09-16T08:26:43.324698018Z {"event": "transcript_event", "elapsed_seconds": 0.7345285859992146, "before_end_of_stream": false, "type": "transcript.final", "session_id": "c7956390-203f-4139-aa05-925b3b631e6f", "sequence": 25, "segment_id": 2, "revision": 4, "text": ". The final word is telescope."}
2026-09-16T08:26:43.325017767Z {"event": "measurement", "repetition": 2, "paced": false, "audio_seconds": 14.69075, "wall_seconds": 0.7345905189977202, "model_step_seconds": [0.02422759900218807, 0.029901942998549202, 0.023676616998272948, 0.026722807000624016, 0.02965489000052912, 0.024714326002140297, 0.026860253001359524, 0.028709086000162642, 0.028059036001650384, 0.02780515799895511, 0.02818094100075541, 0.02504970600057277, 0.02886171000136528, 0.02488424800321809, 0.0278227449998667, 0.02903428199715563, 0.026881495999987237, 0.025951736002753023, 0.03053506500145886, 0.02736916600042605, 0.028869244997622445, 0.026575533996947343, 0.024194681998778833, 0.029392501997790532, 0.024836976001097355, 0.028987896999751683, 0.02381909299947438], "first_partial_seconds": 0.0543401629984146, "first_final_seconds": 0.3248414359986782, "finalization_seconds": 0.02390948999891407, "real_time_factor": 0.050003609005511644, "peak_gpu_allocated_bytes": 2688301568, "peak_gpu_reserved_bytes": 5307891712, "transcript": "Welcome to the scientific artificial intelligence platform. This is a speech recognition test. We are checking that every spoken word is transcribed, including the very last word. The final word is telescope.", "event_count": 25, "required_words_present": ["recognition", "speech", "telescope", "test"], "passed_diagnostic": true}
2026-09-16T08:26:44.498307312Z {"event": "transcript_event", "elapsed_seconds": 1.1731506830001308, "before_end_of_stream": true, "type": "transcript.partial", "session_id": "12c6bd7e-e0e4-4651-b6b8-bb6c1b746142", "sequence": 1, "segment_id": 0, "revision": 1, "text": " Welcome to the"}
2026-09-16T08:26:45.615864791Z {"event": "transcript_event", "elapsed_seconds": 2.290570919001766, "before_end_of_stream": true, "type": "transcript.partial", "session_id": "12c6bd7e-e0e4-4651-b6b8-bb6c1b746142", "sequence": 2, "segment_id": 0, "revision": 2, "text": " Welcome to the scientific"}
2026-09-16T08:26:46.178834971Z {"event": "transcript_event", "elapsed_seconds": 2.853669538999384, "before_end_of_stream": true, "type": "transcript.partial", "session_id": "12c6bd7e-e0e4-4651-b6b8-bb6c1b746142", "sequence": 3, "segment_id": 0, "revision": 3, "text": " Welcome to the scientific artificial intellig"}
2026-09-16T08:26:46.732720554Z {"event": "transcript_event", "elapsed_seconds": 3.407562030999543, "before_end_of_stream": true, "type": "transcript.partial", "session_id": "12c6bd7e-e0e4-4651-b6b8-bb6c1b746142", "sequence": 4, "segment_id": 0, "revision": 4, "text": " Welcome to the scientific artificial intelligence"}
2026-09-16T08:26:47.295372392Z {"event": "transcript_event", "elapsed_seconds": 3.9702056979986082, "before_end_of_stream": true, "type": "transcript.partial", "session_id": "12c6bd7e-e0e4-4651-b6b8-bb6c1b746142", "sequence": 5, "segment_id": 0, "revision": 5, "text": " Welcome to the scientific artificial intelligence platform"}
2026-09-16T08:26:47.856478799Z {"event": "transcript_event", "elapsed_seconds": 4.531342928999948, "before_end_of_stream": true, "type": "transcript.partial", "session_id": "12c6bd7e-e0e4-4651-b6b8-bb6c1b746142", "sequence": 6, "segment_id": 0, "revision": 6, "text": " Welcome to the scientific artificial intelligence platform. This is"}
2026-09-16T08:26:48.416935395Z {"event": "transcript_event", "elapsed_seconds": 5.0917850810001255, "before_end_of_stream": true, "type": "transcript.partial", "session_id": "12c6bd7e-e0e4-4651-b6b8-bb6c1b746142", "sequence": 7, "segment_id": 0, "revision": 7, "text": " Welcome to the scientific artificial intelligence platform. This is a speech"}
2026-09-16T08:26:48.978091005Z {"event": "transcript_event", "elapsed_seconds": 5.6529317690001335, "before_end_of_stream": true, "type": "transcript.partial", "session_id": "12c6bd7e-e0e4-4651-b6b8-bb6c1b746142", "sequence": 8, "segment_id": 0, "revision": 8, "text": " Welcome to the scientific artificial intelligence platform. This is a speech recognit"}
2026-09-16T08:26:49.535736183Z {"event": "transcript_event", "elapsed_seconds": 6.210547367001709, "before_end_of_stream": true, "type": "transcript.partial", "session_id": "12c6bd7e-e0e4-4651-b6b8-bb6c1b746142", "sequence": 9, "segment_id": 0, "revision": 9, "text": " Welcome to the scientific artificial intelligence platform. This is a speech recognition test"}
2026-09-16T08:26:50.093180743Z {"event": "transcript_event", "elapsed_seconds": 6.767814069000451, "before_end_of_stream": true, "type": "transcript.final", "session_id": "12c6bd7e-e0e4-4651-b6b8-bb6c1b746142", "sequence": 10, "segment_id": 0, "revision": 10, "text": " Welcome to the scientific artificial intelligence platform. This is a speech recognition test"}
2026-09-16T08:26:50.657570531Z {"event": "transcript_event", "elapsed_seconds": 7.332421380000596, "before_end_of_stream": true, "type": "transcript.partial", "session_id": "12c6bd7e-e0e4-4651-b6b8-bb6c1b746142", "sequence": 11, "segment_id": 1, "revision": 1, "text": ". We are check"}
2026-09-16T08:26:51.214157724Z {"event": "transcript_event", "elapsed_seconds": 7.888849445000233, "before_end_of_stream": true, "type": "transcript.partial", "session_id": "12c6bd7e-e0e4-4651-b6b8-bb6c1b746142", "sequence": 12, "segment_id": 1, "revision": 2, "text": ". We are checking"}
2026-09-16T08:26:51.776893785Z {"event": "transcript_event", "elapsed_seconds": 8.451742271001422, "before_end_of_stream": true, "type": "transcript.partial", "session_id": "12c6bd7e-e0e4-4651-b6b8-bb6c1b746142", "sequence": 13, "segment_id": 1, "revision": 3, "text": ". We are checking that every"}
2026-09-16T08:26:52.337609032Z {"event": "transcript_event", "elapsed_seconds": 9.012324568000622, "before_end_of_stream": true, "type": "transcript.partial", "session_id": "12c6bd7e-e0e4-4651-b6b8-bb6c1b746142", "sequence": 14, "segment_id": 1, "revision": 4, "text": ". We are checking that every spoken word"}
2026-09-16T08:26:52.896244218Z {"event": "transcript_event", "elapsed_seconds": 9.57107060600174, "before_end_of_stream": true, "type": "transcript.partial", "session_id": "12c6bd7e-e0e4-4651-b6b8-bb6c1b746142", "sequence": 15, "segment_id": 1, "revision": 5, "text": ". We are checking that every spoken word is trans"}
2026-09-16T08:26:53.455807250Z {"event": "transcript_event", "elapsed_seconds": 10.13053097699958, "before_end_of_stream": true, "type": "transcript.partial", "session_id": "12c6bd7e-e0e4-4651-b6b8-bb6c1b746142", "sequence": 16, "segment_id": 1, "revision": 6, "text": ". We are checking that every spoken word is transcribed"}
2026-09-16T08:26:54.016609976Z {"event": "transcript_event", "elapsed_seconds": 10.691436285000236, "before_end_of_stream": true, "type": "transcript.partial", "session_id": "12c6bd7e-e0e4-4651-b6b8-bb6c1b746142", "sequence": 17, "segment_id": 1, "revision": 7, "text": ". We are checking that every spoken word is transcribed, includ"}
2026-09-16T08:26:54.576841264Z {"event": "transcript_event", "elapsed_seconds": 11.251697577001323, "before_end_of_stream": true, "type": "transcript.partial", "session_id": "12c6bd7e-e0e4-4651-b6b8-bb6c1b746142", "sequence": 18, "segment_id": 1, "revision": 8, "text": ". We are checking that every spoken word is transcribed, including the"}
2026-09-16T08:26:55.135392834Z {"event": "transcript_event", "elapsed_seconds": 11.810232553001697, "before_end_of_stream": true, "type": "transcript.partial", "session_id": "12c6bd7e-e0e4-4651-b6b8-bb6c1b746142", "sequence": 19, "segment_id": 1, "revision": 9, "text": ". We are checking that every spoken word is transcribed, including the very last"}
2026-09-16T08:26:55.695813144Z {"event": "transcript_event", "elapsed_seconds": 12.370655984999757, "before_end_of_stream": true, "type": "transcript.partial", "session_id": "12c6bd7e-e0e4-4651-b6b8-bb6c1b746142", "sequence": 20, "segment_id": 1, "revision": 10, "text": ". We are checking that every spoken word is transcribed, including the very last word"}
2026-09-16T08:26:56.252431344Z {"event": "transcript_event", "elapsed_seconds": 12.92728052700113, "before_end_of_stream": true, "type": "transcript.final", "session_id": "12c6bd7e-e0e4-4651-b6b8-bb6c1b746142", "sequence": 21, "segment_id": 1, "revision": 11, "text": ". We are checking that every spoken word is transcribed, including the very last word"}
2026-09-16T08:26:56.818404885Z {"event": "transcript_event", "elapsed_seconds": 13.493256257999747, "before_end_of_stream": true, "type": "transcript.partial", "session_id": "12c6bd7e-e0e4-4651-b6b8-bb6c1b746142", "sequence": 22, "segment_id": 2, "revision": 1, "text": ". The final word"}
2026-09-16T08:26:57.373092643Z {"event": "transcript_event", "elapsed_seconds": 14.047822019001615, "before_end_of_stream": true, "type": "transcript.partial", "session_id": "12c6bd7e-e0e4-4651-b6b8-bb6c1b746142", "sequence": 23, "segment_id": 2, "revision": 2, "text": ". The final word is"}
2026-09-16T08:26:57.937914753Z {"event": "transcript_event", "elapsed_seconds": 14.612637194000854, "before_end_of_stream": true, "type": "transcript.partial", "session_id": "12c6bd7e-e0e4-4651-b6b8-bb6c1b746142", "sequence": 24, "segment_id": 2, "revision": 3, "text": ". The final word is telescope"}
2026-09-16T08:26:58.042474293Z {"event": "transcript_event", "elapsed_seconds": 14.717217929999606, "before_end_of_stream": false, "type": "transcript.final", "session_id": "12c6bd7e-e0e4-4651-b6b8-bb6c1b746142", "sequence": 25, "segment_id": 2, "revision": 4, "text": ". The final word is telescope."}
2026-09-16T08:26:58.042664335Z {"event": "measurement", "repetition": 0, "paced": true, "audio_seconds": 14.69075, "wall_seconds": 14.717285995000566, "model_step_seconds": [0.026506449001317378, 0.03300003499680315, 0.027616166000370868, 0.030415508001169655, 0.033572014999663224, 0.027409897000325145, 0.030054446000576718, 0.03123338200020953, 0.031645585997466696, 0.032832279001013376, 0.03041886900246027, 0.027719968002202222, 0.032280250001349486, 0.02869528999872273, 0.03163784799835412, 0.03217047799989814, 0.030920535002223914, 0.030358979001903208, 0.031331319998571416, 0.03160015899993596, 0.030138304002321092, 0.03055784699972719, 0.02718722799909301, 0.033165057000587694, 0.027722268001525663, 0.03254152400040766, 0.026378273996670032], "first_partial_seconds": 1.1731506830001308, "first_final_seconds": 6.767814069000451, "finalization_seconds": 0.02648901099746581, "real_time_factor": 1.001806306349272, "peak_gpu_allocated_bytes": 2688301568, "peak_gpu_reserved_bytes": 5307891712, "transcript": "Welcome to the scientific artificial intelligence platform. This is a speech recognition test. We are checking that every spoken word is transcribed, including the very last word. The final word is telescope.", "event_count": 25, "required_words_present": ["recognition", "speech", "telescope", "test"], "passed_diagnostic": true}
2026-09-16T08:26:59.217724660Z {"event": "transcript_event", "elapsed_seconds": 1.174923137998121, "before_end_of_stream": true, "type": "transcript.partial", "session_id": "3f2dcd17-a0c6-42bc-b84c-a583d8e7a7fd", "sequence": 1, "segment_id": 0, "revision": 1, "text": " Welcome to the"}
2026-09-16T08:27:00.333769875Z {"event": "transcript_event", "elapsed_seconds": 2.2908318579975457, "before_end_of_stream": true, "type": "transcript.partial", "session_id": "3f2dcd17-a0c6-42bc-b84c-a583d8e7a7fd", "sequence": 2, "segment_id": 0, "revision": 2, "text": " Welcome to the scientific"}
2026-09-16T08:27:00.896407412Z {"event": "transcript_event", "elapsed_seconds": 2.8536068809989956, "before_end_of_stream": true, "type": "transcript.partial", "session_id": "3f2dcd17-a0c6-42bc-b84c-a583d8e7a7fd", "sequence": 3, "segment_id": 0, "revision": 3, "text": " Welcome to the scientific artificial intellig"}
2026-09-16T08:27:01.451822828Z {"event": "transcript_event", "elapsed_seconds": 3.4088578529990627, "before_end_of_stream": true, "type": "transcript.partial", "session_id": "3f2dcd17-a0c6-42bc-b84c-a583d8e7a7fd", "sequence": 4, "segment_id": 0, "revision": 4, "text": " Welcome to the scientific artificial intelligence"}
2026-09-16T08:27:02.014469841Z {"event": "transcript_event", "elapsed_seconds": 3.971688740999525, "before_end_of_stream": true, "type": "transcript.partial", "session_id": "3f2dcd17-a0c6-42bc-b84c-a583d8e7a7fd", "sequence": 5, "segment_id": 0, "revision": 5, "text": " Welcome to the scientific artificial intelligence platform"}
2026-09-16T08:27:02.575237760Z {"event": "transcript_event", "elapsed_seconds": 4.532423365999421, "before_end_of_stream": true, "type": "transcript.partial", "session_id": "3f2dcd17-a0c6-42bc-b84c-a583d8e7a7fd", "sequence": 6, "segment_id": 0, "revision": 6, "text": " Welcome to the scientific artificial intelligence platform. This is"}
2026-09-16T08:27:03.136499734Z {"event": "transcript_event", "elapsed_seconds": 5.09372398800042, "before_end_of_stream": true, "type": "transcript.partial", "session_id": "3f2dcd17-a0c6-42bc-b84c-a583d8e7a7fd", "sequence": 7, "segment_id": 0, "revision": 7, "text": " Welcome to the scientific artificial intelligence platform. This is a speech"}
2026-09-16T08:27:03.695930355Z {"event": "transcript_event", "elapsed_seconds": 5.653126691999205, "before_end_of_stream": true, "type": "transcript.partial", "session_id": "3f2dcd17-a0c6-42bc-b84c-a583d8e7a7fd", "sequence": 8, "segment_id": 0, "revision": 8, "text": " Welcome to the scientific artificial intelligence platform. This is a speech recognit"}
2026-09-16T08:27:04.253017995Z {"event": "transcript_event", "elapsed_seconds": 6.210221704997821, "before_end_of_stream": true, "type": "transcript.partial", "session_id": "3f2dcd17-a0c6-42bc-b84c-a583d8e7a7fd", "sequence": 9, "segment_id": 0, "revision": 9, "text": " Welcome to the scientific artificial intelligence platform. This is a speech recognition test"}
2026-09-16T08:27:04.810515605Z {"event": "transcript_event", "elapsed_seconds": 6.767708032999508, "before_end_of_stream": true, "type": "transcript.final", "session_id": "3f2dcd17-a0c6-42bc-b84c-a583d8e7a7fd", "sequence": 10, "segment_id": 0, "revision": 10, "text": " Welcome to the scientific artificial intelligence platform. This is a speech recognition test"}
2026-09-16T08:27:05.374787305Z {"event": "transcript_event", "elapsed_seconds": 7.331994785999996, "before_end_of_stream": true, "type": "transcript.partial", "session_id": "3f2dcd17-a0c6-42bc-b84c-a583d8e7a7fd", "sequence": 11, "segment_id": 1, "revision": 1, "text": ". We are check"}
2026-09-16T08:27:05.931217866Z {"event": "transcript_event", "elapsed_seconds": 7.888416770998447, "before_end_of_stream": true, "type": "transcript.partial", "session_id": "3f2dcd17-a0c6-42bc-b84c-a583d8e7a7fd", "sequence": 12, "segment_id": 1, "revision": 2, "text": ". We are checking"}
2026-09-16T08:27:06.494196300Z {"event": "transcript_event", "elapsed_seconds": 8.4513920649988, "before_end_of_stream": true, "type": "transcript.partial", "session_id": "3f2dcd17-a0c6-42bc-b84c-a583d8e7a7fd", "sequence": 13, "segment_id": 1, "revision": 3, "text": ". We are checking that every"}
2026-09-16T08:27:07.055708970Z {"event": "transcript_event", "elapsed_seconds": 9.012924712998938, "before_end_of_stream": true, "type": "transcript.partial", "session_id": "3f2dcd17-a0c6-42bc-b84c-a583d8e7a7fd", "sequence": 14, "segment_id": 1, "revision": 4, "text": ". We are checking that every spoken word"}
2026-09-16T08:27:07.611755794Z {"event": "transcript_event", "elapsed_seconds": 9.568954364000092, "before_end_of_stream": true, "type": "transcript.partial", "session_id": "3f2dcd17-a0c6-42bc-b84c-a583d8e7a7fd", "sequence": 15, "segment_id": 1, "revision": 5, "text": ". We are checking that every spoken word is trans"}
2026-09-16T08:27:08.172935903Z {"event": "transcript_event", "elapsed_seconds": 10.130124064999109, "before_end_of_stream": true, "type": "transcript.partial", "session_id": "3f2dcd17-a0c6-42bc-b84c-a583d8e7a7fd", "sequence": 16, "segment_id": 1, "revision": 6, "text": ". We are checking that every spoken word is transcribed"}
2026-09-16T08:27:08.731555111Z {"event": "transcript_event", "elapsed_seconds": 10.688769943000807, "before_end_of_stream": true, "type": "transcript.partial", "session_id": "3f2dcd17-a0c6-42bc-b84c-a583d8e7a7fd", "sequence": 17, "segment_id": 1, "revision": 7, "text": ". We are checking that every spoken word is transcribed, includ"}
2026-09-16T08:27:09.293481851Z {"event": "transcript_event", "elapsed_seconds": 11.250703502999386, "before_end_of_stream": true, "type": "transcript.partial", "session_id": "3f2dcd17-a0c6-42bc-b84c-a583d8e7a7fd", "sequence": 18, "segment_id": 1, "revision": 8, "text": ". We are checking that every spoken word is transcribed, including the"}
2026-09-16T08:27:09.854666389Z {"event": "transcript_event", "elapsed_seconds": 11.811750130000291, "before_end_of_stream": true, "type": "transcript.partial", "session_id": "3f2dcd17-a0c6-42bc-b84c-a583d8e7a7fd", "sequence": 19, "segment_id": 1, "revision": 9, "text": ". We are checking that every spoken word is transcribed, including the very last"}
2026-09-16T08:27:10.412402170Z {"event": "transcript_event", "elapsed_seconds": 12.369615723000607, "before_end_of_stream": true, "type": "transcript.partial", "session_id": "3f2dcd17-a0c6-42bc-b84c-a583d8e7a7fd", "sequence": 20, "segment_id": 1, "revision": 10, "text": ". We are checking that every spoken word is transcribed, including the very last word"}
2026-09-16T08:27:10.969123851Z {"event": "transcript_event", "elapsed_seconds": 12.926332965998881, "before_end_of_stream": true, "type": "transcript.final", "session_id": "3f2dcd17-a0c6-42bc-b84c-a583d8e7a7fd", "sequence": 21, "segment_id": 1, "revision": 11, "text": ". We are checking that every spoken word is transcribed, including the very last word"}
2026-09-16T08:27:11.535249819Z {"event": "transcript_event", "elapsed_seconds": 13.492457395997917, "before_end_of_stream": true, "type": "transcript.partial", "session_id": "3f2dcd17-a0c6-42bc-b84c-a583d8e7a7fd", "sequence": 22, "segment_id": 2, "revision": 1, "text": ". The final word"}
2026-09-16T08:27:12.090315935Z {"event": "transcript_event", "elapsed_seconds": 14.047526237998682, "before_end_of_stream": true, "type": "transcript.partial", "session_id": "3f2dcd17-a0c6-42bc-b84c-a583d8e7a7fd", "sequence": 23, "segment_id": 2, "revision": 2, "text": ". The final word is"}
2026-09-16T08:27:12.654446289Z {"event": "transcript_event", "elapsed_seconds": 14.611664809999638, "before_end_of_stream": true, "type": "transcript.partial", "session_id": "3f2dcd17-a0c6-42bc-b84c-a583d8e7a7fd", "sequence": 24, "segment_id": 2, "revision": 3, "text": ". The final word is telescope"}
2026-09-16T08:27:12.758421043Z {"event": "transcript_event", "elapsed_seconds": 14.715662112997961, "before_end_of_stream": false, "type": "transcript.final", "session_id": "3f2dcd17-a0c6-42bc-b84c-a583d8e7a7fd", "sequence": 25, "segment_id": 2, "revision": 4, "text": ". The final word is telescope."}
2026-09-16T08:27:12.758706777Z {"event": "measurement", "repetition": 1, "paced": true, "audio_seconds": 14.69075, "wall_seconds": 14.715726779999386, "model_step_seconds": [0.0297199750020809, 0.03479073700145818, 0.028791262000595452, 0.030734284002392087, 0.03350907899948652, 0.028757061998476274, 0.03158616600194364, 0.032326535001629964, 0.033626464999542804, 0.03297999400092522, 0.03012570099963341, 0.027607730000454467, 0.031852492997131776, 0.028303250001044944, 0.03125508000084665, 0.032788925997010665, 0.02886263500113273, 0.02998882800238789, 0.028667656999459723, 0.030550756000593537, 0.0316468579985667, 0.029520206000597682, 0.026224709003145108, 0.03234658699875581, 0.02743624200229533, 0.03155276299730758, 0.02481653400172945], "first_partial_seconds": 1.174923137998121, "first_final_seconds": 6.767708032999508, "finalization_seconds": 0.02492158300083247, "real_time_factor": 1.0017001705154187, "peak_gpu_allocated_bytes": 2688301568, "peak_gpu_reserved_bytes": 5307891712, "transcript": "Welcome to the scientific artificial intelligence platform. This is a speech recognition test. We are checking that every spoken word is transcribed, including the very last word. The final word is telescope.", "event_count": 25, "required_words_present": ["recognition", "speech", "telescope", "test"], "passed_diagnostic": true}
2026-09-16T08:27:13.930026864Z {"event": "transcript_event", "elapsed_seconds": 1.1711894930012932, "before_end_of_stream": true, "type": "transcript.partial", "session_id": "e110b6ca-ac8e-42f3-9e80-b6a0beaf5672", "sequence": 1, "segment_id": 0, "revision": 1, "text": " Welcome to the"}
2026-09-16T08:27:15.048356037Z {"event": "transcript_event", "elapsed_seconds": 2.289525518001028, "before_end_of_stream": true, "type": "transcript.partial", "session_id": "e110b6ca-ac8e-42f3-9e80-b6a0beaf5672", "sequence": 2, "segment_id": 0, "revision": 2, "text": " Welcome to the scientific"}
2026-09-16T08:27:15.610203215Z {"event": "transcript_event", "elapsed_seconds": 2.8513483440001437, "before_end_of_stream": true, "type": "transcript.partial", "session_id": "e110b6ca-ac8e-42f3-9e80-b6a0beaf5672", "sequence": 3, "segment_id": 0, "revision": 3, "text": " Welcome to the scientific artificial intellig"}
2026-09-16T08:27:16.166795723Z {"event": "transcript_event", "elapsed_seconds": 3.4078280680005264, "before_end_of_stream": true, "type": "transcript.partial", "session_id": "e110b6ca-ac8e-42f3-9e80-b6a0beaf5672", "sequence": 4, "segment_id": 0, "revision": 4, "text": " Welcome to the scientific artificial intelligence"}
2026-09-16T08:27:16.728947548Z {"event": "transcript_event", "elapsed_seconds": 3.9699919699996826, "before_end_of_stream": true, "type": "transcript.partial", "session_id": "e110b6ca-ac8e-42f3-9e80-b6a0beaf5672", "sequence": 5, "segment_id": 0, "revision": 5, "text": " Welcome to the scientific artificial intelligence platform"}
2026-09-16T08:27:17.289533954Z {"event": "transcript_event", "elapsed_seconds": 4.530572869000025, "before_end_of_stream": true, "type": "transcript.partial", "session_id": "e110b6ca-ac8e-42f3-9e80-b6a0beaf5672", "sequence": 6, "segment_id": 0, "revision": 6, "text": " Welcome to the scientific artificial intelligence platform. This is"}
2026-09-16T08:27:17.849855332Z {"event": "transcript_event", "elapsed_seconds": 5.090889570001309, "before_end_of_stream": true, "type": "transcript.partial", "session_id": "e110b6ca-ac8e-42f3-9e80-b6a0beaf5672", "sequence": 7, "segment_id": 0, "revision": 7, "text": " Welcome to the scientific artificial intelligence platform. This is a speech"}
2026-09-16T08:27:18.406959373Z {"event": "transcript_event", "elapsed_seconds": 5.648009803000605, "before_end_of_stream": true, "type": "transcript.partial", "session_id": "e110b6ca-ac8e-42f3-9e80-b6a0beaf5672", "sequence": 8, "segment_id": 0, "revision": 8, "text": " Welcome to the scientific artificial intelligence platform. This is a speech recognit"}
2026-09-16T08:27:18.972187641Z {"event": "transcript_event", "elapsed_seconds": 6.213346212000033, "before_end_of_stream": true, "type": "transcript.partial", "session_id": "e110b6ca-ac8e-42f3-9e80-b6a0beaf5672", "sequence": 9, "segment_id": 0, "revision": 9, "text": " Welcome to the scientific artificial intelligence platform. This is a speech recognition test"}
2026-09-16T08:27:19.526543127Z {"event": "transcript_event", "elapsed_seconds": 6.767550885000674, "before_end_of_stream": true, "type": "transcript.final", "session_id": "e110b6ca-ac8e-42f3-9e80-b6a0beaf5672", "sequence": 10, "segment_id": 0, "revision": 10, "text": " Welcome to the scientific artificial intelligence platform. This is a speech recognition test"}
2026-09-16T08:27:20.091693717Z {"event": "transcript_event", "elapsed_seconds": 7.332866426000692, "before_end_of_stream": true, "type": "transcript.partial", "session_id": "e110b6ca-ac8e-42f3-9e80-b6a0beaf5672", "sequence": 11, "segment_id": 1, "revision": 1, "text": ". We are check"}
2026-09-16T08:27:20.648143433Z {"event": "transcript_event", "elapsed_seconds": 7.889283604999946, "before_end_of_stream": true, "type": "transcript.partial", "session_id": "e110b6ca-ac8e-42f3-9e80-b6a0beaf5672", "sequence": 12, "segment_id": 1, "revision": 2, "text": ". We are checking"}
2026-09-16T08:27:21.210867703Z {"event": "transcript_event", "elapsed_seconds": 8.45202077200156, "before_end_of_stream": true, "type": "transcript.partial", "session_id": "e110b6ca-ac8e-42f3-9e80-b6a0beaf5672", "sequence": 13, "segment_id": 1, "revision": 3, "text": ". We are checking that every"}
2026-09-16T08:27:21.772652953Z {"event": "transcript_event", "elapsed_seconds": 9.013812664001307, "before_end_of_stream": true, "type": "transcript.partial", "session_id": "e110b6ca-ac8e-42f3-9e80-b6a0beaf5672", "sequence": 14, "segment_id": 1, "revision": 4, "text": ". We are checking that every spoken word"}
2026-09-16T08:27:22.328615234Z {"event": "transcript_event", "elapsed_seconds": 9.569781542999408, "before_end_of_stream": true, "type": "transcript.partial", "session_id": "e110b6ca-ac8e-42f3-9e80-b6a0beaf5672", "sequence": 15, "segment_id": 1, "revision": 5, "text": ". We are checking that every spoken word is trans"}
2026-09-16T08:27:22.889445832Z {"event": "transcript_event", "elapsed_seconds": 10.13061951200143, "before_end_of_stream": true, "type": "transcript.partial", "session_id": "e110b6ca-ac8e-42f3-9e80-b6a0beaf5672", "sequence": 16, "segment_id": 1, "revision": 6, "text": ". We are checking that every spoken word is transcribed"}
2026-09-16T08:27:23.449669191Z {"event": "transcript_event", "elapsed_seconds": 10.690829917999508, "before_end_of_stream": true, "type": "transcript.partial", "session_id": "e110b6ca-ac8e-42f3-9e80-b6a0beaf5672", "sequence": 17, "segment_id": 1, "revision": 7, "text": ". We are checking that every spoken word is transcribed, includ"}
2026-09-16T08:27:24.008775438Z {"event": "transcript_event", "elapsed_seconds": 11.24991993599906, "before_end_of_stream": true, "type": "transcript.partial", "session_id": "e110b6ca-ac8e-42f3-9e80-b6a0beaf5672", "sequence": 18, "segment_id": 1, "revision": 8, "text": ". We are checking that every spoken word is transcribed, including the"}
2026-09-16T08:27:24.570617961Z {"event": "transcript_event", "elapsed_seconds": 11.81175962999987, "before_end_of_stream": true, "type": "transcript.partial", "session_id": "e110b6ca-ac8e-42f3-9e80-b6a0beaf5672", "sequence": 19, "segment_id": 1, "revision": 9, "text": ". We are checking that every spoken word is transcribed, including the very last"}
2026-09-16T08:27:25.129524911Z {"event": "transcript_event", "elapsed_seconds": 12.370713229000103, "before_end_of_stream": true, "type": "transcript.partial", "session_id": "e110b6ca-ac8e-42f3-9e80-b6a0beaf5672", "sequence": 20, "segment_id": 1, "revision": 10, "text": ". We are checking that every spoken word is transcribed, including the very last word"}
2026-09-16T08:27:25.687112604Z {"event": "transcript_event", "elapsed_seconds": 12.927955668001232, "before_end_of_stream": true, "type": "transcript.final", "session_id": "e110b6ca-ac8e-42f3-9e80-b6a0beaf5672", "sequence": 21, "segment_id": 1, "revision": 11, "text": ". We are checking that every spoken word is transcribed, including the very last word"}
2026-09-16T08:27:26.252841859Z {"event": "transcript_event", "elapsed_seconds": 13.493991613999242, "before_end_of_stream": true, "type": "transcript.partial", "session_id": "e110b6ca-ac8e-42f3-9e80-b6a0beaf5672", "sequence": 22, "segment_id": 2, "revision": 1, "text": ". The final word"}
2026-09-16T08:27:26.807518408Z {"event": "transcript_event", "elapsed_seconds": 14.048498219999601, "before_end_of_stream": true, "type": "transcript.partial", "session_id": "e110b6ca-ac8e-42f3-9e80-b6a0beaf5672", "sequence": 23, "segment_id": 2, "revision": 2, "text": ". The final word is"}
2026-09-16T08:27:27.370752926Z {"event": "transcript_event", "elapsed_seconds": 14.611905434001528, "before_end_of_stream": true, "type": "transcript.partial", "session_id": "e110b6ca-ac8e-42f3-9e80-b6a0beaf5672", "sequence": 24, "segment_id": 2, "revision": 3, "text": ". The final word is telescope"}
2026-09-16T08:27:27.476696655Z {"event": "transcript_event", "elapsed_seconds": 14.717707468000299, "before_end_of_stream": false, "type": "transcript.final", "session_id": "e110b6ca-ac8e-42f3-9e80-b6a0beaf5672", "sequence": 25, "segment_id": 2, "revision": 4, "text": ". The final word is telescope."}
2026-09-16T08:27:27.476818101Z {"event": "measurement", "repetition": 2, "paced": true, "audio_seconds": 14.69075, "wall_seconds": 14.71777393299999, "model_step_seconds": [0.026614858998073032, 0.031099447998713003, 0.0274281259989948, 0.02941211999859661, 0.031230755997967208, 0.027732517999538686, 0.029892487000324763, 0.030472192000161158, 0.030780211000092095, 0.027881644000444794, 0.03325068499907502, 0.02744690499821445, 0.03277413300020271, 0.029187519001425244, 0.031904438001220115, 0.033717453999997815, 0.029657186001713853, 0.030526392001775093, 0.030703240001457743, 0.029826324000168825, 0.03165604099922348, 0.0306102260001353, 0.027850687998579815, 0.033891443999891635, 0.02838041400173097, 0.031803753998246975, 0.02686513699882198], "first_partial_seconds": 1.1711894930012932, "first_final_seconds": 6.767550885000674, "finalization_seconds": 0.026975518001563614, "real_time_factor": 1.0018395203103987, "peak_gpu_allocated_bytes": 2688301568, "peak_gpu_reserved_bytes": 5307891712, "transcript": "Welcome to the scientific artificial intelligence platform. This is a speech recognition test. We are checking that every spoken word is transcribed, including the very last word. The final word is telescope.", "event_count": 25, "required_words_present": ["recognition", "speech", "telescope", "test"], "passed_diagnostic": true}
2026-09-16T08:27:27.476820535Z {"event": "probe_complete", "passed_diagnostic": true, "customer_acceptance": false, "measurements": 6}
