{
  "action": "restore",
  "records": [
    {
      "command": [
        "/tools/lib/ld-linux-x86-64.so.2",
        "--library-path",
        "/tools/lib",
        "/tools/criu",
        "restore",
        "--images-dir",
        "/checkpoints/speech-en-0916-r2/images",
        "--work-dir",
        "/tmp/fs2-checkpoint-work",
        "--shell-job",
        "--restore-detached",
        "--log-file",
        "restore.log",
        "-v4",
        "--file-locks",
        "--tcp-established",
        "--manage-cgroups=ignore",
        "--libdir",
        "/tmp/empty-criu-plugins"
      ],
      "seconds": 5.74907419200099,
      "returncode": 0,
      "stdout": "",
      "stderr": ""
    },
    {
      "command": [
        "/tools/cuda-checkpoint",
        "--action",
        "restore",
        "--pid",
        "174"
      ],
      "seconds": 0.952125405001425,
      "returncode": 0,
      "stdout": "",
      "stderr": ""
    },
    {
      "command": [
        "/tools/cuda-checkpoint",
        "--action",
        "unlock",
        "--pid",
        "174"
      ],
      "seconds": 0.01570006699694204,
      "returncode": 0,
      "stdout": "",
      "stderr": ""
    }
  ],
  "status": "passed",
  "runtime_identity": {
    "runtime_image": "cr.eu-north1.nebius.cloud/e00akg9ndpx77eaexh/fs2-models/nemotron-speech/en@sha256:288f6caf0c2feb3690c963969e4a26c45a38ca1338f4abe80570b24db91423d2",
    "tools_image": "cr.eu-north1.nebius.cloud/e00akg9ndpx77eaexh/fs2-snapshot/scientific-tools@sha256:17cc3536dd847355b8457b2e92bd7d0fdf292bdd8e6acc457e25f14e28284ba4",
    "kernel_release": "6.11.0-1016-nvidia",
    "runtime_id": "nemotron-speech-en-0.6b",
    "model_revision": "ebe59e5a817142986528bbbee5dba8db7b38ed50",
    "gpu_uuid": "GPU-0c404bb3-6e89-6295-448e-f97df95344a4",
    "gpu_name": "NVIDIA H100 80GB HBM3",
    "driver_version": "580.159.04",
    "compute_capability": "9.0",
    "snapshot_source_sha256": {
      "process_checkpoint.py": "8a65528b0abfdfd4308f438b572b78b5183fde41a5f0a3d5980aaa9329a761ea",
      "serving_checkpoint.py": "0cc5f0b80b38a894fb4e0bc6119fc6012e3af7979664cefccbe96b239d73235d",
      "serving_filesystem.py": "0af2a36d69f2c809a9a9f15070ab7f196cda39361724ccbbe724cc994b1b2fd7",
      "serving_launcher.py": "8f076ab23bb5d6ecf56b9c06f7f3040a092cf3321836556413c9e84ba667aa7b",
      "serving_supervisor.py": "a27ef49260796bbc90f68db2e1e74437e2b70dd41c57aeb0bfd3d14cb0389524",
      "sitecustomize.py": "4051136270e8c7446e699484bbc1890489c34e346286b8845af741c0d5c4aad5",
      "supervisor.py": "4ec20b525ba38f979c67d8ab46e85a9f8243c0b2990d9e65871839318fdab83c",
      "working_directory_launcher.py": "3bd73d58a3278a732170c6501cbc9f2bc7f731966abb7ceae987450d73fe5c1b"
    }
  },
  "cuda_pids": [
    174
  ]
}
{"event": "serving_snapshot_runtime", "mechanism": "cuda-criu-restored"}
