OneLogger: Setting error_handling_strategy to DISABLE_QUIETLY_AND_REPORT_METRIC_ERROR for rank (rank=0) with OneLogger disabled. To override: explicitly set error_handling_strategy parameter.
No exporters were provided. This means that no telemetry data will be collected.
Warning: You are sending unauthenticated requests to the HF Hub. Please set a HF_TOKEN to enable higher rate limits and faster downloads.
[NeMo I 2026-09-16 09:35:48 pipeline_builder:42] Using matmul precision: high
[NeMo I 2026-09-16 09:36:24 mixins:195] Tokenizer SentencePieceTokenizer initialized with 13087 tokens
[NeMo W 2026-09-16 09:36:28 modelPT:288] You tried to register an artifact under config key=tokenizer.model_path but an artifact for it has already been registered.
[NeMo W 2026-09-16 09:36:28 modelPT:288] You tried to register an artifact under config key=tokenizer.vocab_path but an artifact for it has already been registered.
[NeMo I 2026-09-16 09:36:28 mixins:195] Tokenizer SentencePieceTokenizer initialized with 13087 tokens
[NeMo W 2026-09-16 09:36:33 modelPT:176] If you intend to do training or fine-tuning, please call the ModelPT.setup_training_data() method and provide a valid configuration file to setup the train data loader.
    Train config : 
    manifest_filepath: null
    sample_rate: 16000
    use_lhotse: true
    shard_manifests: true
    batch_duration: 200
    quadratic_duration: 15
    num_buckets: 30
    shuffle: true
    num_workers: 8
    pin_memory: true
    max_duration: 20
    min_duration: 0.1
    is_tarred: true
    tarred_audio_filepaths: null
    shuffle_n: 2048
    slice_length: 100
    bucketing_strategy: fully_randomized
    bucketing_batch_size: null
    bucket_buffer_size: 10000
    shuffle_buffer_size: 10000
    prompt_field: target_lang
    prompt_dictionary:
      en-US: 0
      en: 0
      en-GB: 1
      enGB: 1
      es-ES: 2
      esES: 2
      es-US: 3
      es: 3
      zh-CN: 4
      zh-ZH: 4
      zh-TW: 5
      hi-IN: 6
      hi: 6
      hi-HI: 6
      ar-AR: 7
      ar: 7
      fr-FR: 8
      fr: 8
      de-DE: 9
      de: 9
      ja-JP: 10
      ja-JA: 10
      ru-RU: 11
      ru: 11
      pt-BR: 12
      pt-PT: 13
      pt: 13
      ko-KR: 14
      ko: 14
      ko-KO: 14
      it-IT: 15
      it: 15
      nl-NL: 16
      nl: 16
      pl-PL: 17
      pl: 17
      tr-TR: 18
      tr: 18
      uk-UA: 19
      uk: 19
      ro-RO: 20
      ro: 20
      el-GR: 21
      el: 21
      cs-CZ: 22
      cs: 22
      hu-HU: 23
      hu: 23
      sv-SE: 24
      sv: 24
      da-DK: 25
      da: 25
      fi-FI: 26
      fi: 26
      no-NO: 27
      'no': 27
      nb-NO: 103
      nb: 103
      nn-NO: 104
      nn: 104
      sk-SK: 28
      sk: 28
      hr-HR: 29
      hr: 29
      bg-BG: 30
      bg: 30
      lt-LT: 31
      lt: 31
      et-EE: 60
      et: 60
      lv-LV: 61
      lv: 61
      sl-SI: 62
      sl: 62
      th-TH: 32
      vi-VN: 33
      id-ID: 34
      ms-MY: 35
      bn-IN: 36
      ur-PK: 37
      fa-IR: 38
      ta-IN: 39
      te-IN: 40
      mr-IN: 41
      gu-IN: 42
      kn-IN: 43
      ml-IN: 44
      si-LK: 45
      ne-NP: 46
      km-KH: 47
      sw-KE: 48
      am-ET: 49
      ha-NG: 50
      zu-ZA: 51
      yo-NG: 52
      ig-NG: 53
      af-ZA: 54
      rw-RW: 55
      so-SO: 56
      ny-MW: 57
      ln-CD: 58
      or-KE: 59
      he-IL: 64
      ku-TR: 65
      az-AZ: 66
      ka-GE: 67
      hy-AM: 68
      uz-UZ: 69
      tg-TJ: 70
      ky-KG: 71
      qu-PE: 80
      ay-BO: 81
      gn-PY: 82
      nah-MX: 83
      mi-NZ: 96
      haw-US: 97
      sm-WS: 98
      to-TO: 99
      fr-CA: 100
      mt-MT: 102
      auto: 101
    num_prompts: 128
    subsampling_factor: 8
    lang_field: target_lang
    training_mode: true
    input_cfg: null
    use_bucketing: true
    defer_setup: true
    
[NeMo W 2026-09-16 09:36:33 modelPT:183] If you intend to do validation, please call the ModelPT.setup_validation_data() or ModelPT.setup_multiple_validation_data() method and provide a valid configuration file to setup the validation data loader(s). 
    Validation config : 
    manifest_filepath: null
    sample_rate: 16000
    batch_size: 2
    shuffle: false
    use_start_end_token: false
    num_workers: 2
    pin_memory: true
    batch_duration: null
    use_lhotse: true
    use_bucketing: false
    max_cuts: 8
    prompt_field: target_lang
    prompt_dictionary:
      en-US: 0
      en: 0
      en-GB: 1
      enGB: 1
      es-ES: 2
      esES: 2
      es-US: 3
      es: 3
      zh-CN: 4
      zh-ZH: 4
      zh-TW: 5
      hi-IN: 6
      hi: 6
      hi-HI: 6
      ar-AR: 7
      ar: 7
      fr-FR: 8
      fr: 8
      de-DE: 9
      de: 9
      ja-JP: 10
      ja-JA: 10
      ru-RU: 11
      ru: 11
      pt-BR: 12
      pt-PT: 13
      pt: 13
      ko-KR: 14
      ko: 14
      ko-KO: 14
      it-IT: 15
      it: 15
      nl-NL: 16
      nl: 16
      pl-PL: 17
      pl: 17
      tr-TR: 18
      tr: 18
      uk-UA: 19
      uk: 19
      ro-RO: 20
      ro: 20
      el-GR: 21
      el: 21
      cs-CZ: 22
      cs: 22
      hu-HU: 23
      hu: 23
      sv-SE: 24
      sv: 24
      da-DK: 25
      da: 25
      fi-FI: 26
      fi: 26
      no-NO: 27
      'no': 27
      nb-NO: 103
      nb: 103
      nn-NO: 104
      nn: 104
      sk-SK: 28
      sk: 28
      hr-HR: 29
      hr: 29
      bg-BG: 30
      bg: 30
      lt-LT: 31
      lt: 31
      et-EE: 60
      et: 60
      lv-LV: 61
      lv: 61
      sl-SI: 62
      sl: 62
      th-TH: 32
      vi-VN: 33
      id-ID: 34
      ms-MY: 35
      bn-IN: 36
      ur-PK: 37
      fa-IR: 38
      ta-IN: 39
      te-IN: 40
      mr-IN: 41
      gu-IN: 42
      kn-IN: 43
      ml-IN: 44
      si-LK: 45
      ne-NP: 46
      km-KH: 47
      sw-KE: 48
      am-ET: 49
      ha-NG: 50
      zu-ZA: 51
      yo-NG: 52
      ig-NG: 53
      af-ZA: 54
      rw-RW: 55
      so-SO: 56
      ny-MW: 57
      ln-CD: 58
      or-KE: 59
      he-IL: 64
      ku-TR: 65
      az-AZ: 66
      ka-GE: 67
      hy-AM: 68
      uz-UZ: 69
      tg-TJ: 70
      ky-KG: 71
      qu-PE: 80
      ay-BO: 81
      gn-PY: 82
      nah-MX: 83
      mi-NZ: 96
      haw-US: 97
      sm-WS: 98
      to-TO: 99
      fr-CA: 100
      mt-MT: 102
      auto: 101
    num_prompts: 128
    subsampling_factor: 8
    training_mode: true
    name: null
    
[NeMo W 2026-09-16 09:36:33 modelPT:190] Please call the ModelPT.setup_test_data() or ModelPT.setup_multiple_test_data() method and provide a valid configuration file to setup the test data loader(s).
    Test config : 
    manifest_filepath: null
    sample_rate: 16000
    batch_size: 16
    shuffle: false
    use_start_end_token: false
    num_workers: 8
    pin_memory: true
    use_lhotse: true
    use_bucketing: false
    prompt_field: target_lang
    prompt_dictionary:
      en-US: 0
      en: 0
      en-GB: 1
      enGB: 1
      es-ES: 2
      esES: 2
      es-US: 3
      es: 3
      zh-CN: 4
      zh-ZH: 4
      zh-TW: 5
      hi-IN: 6
      hi: 6
      hi-HI: 6
      ar-AR: 7
      ar: 7
      fr-FR: 8
      fr: 8
      de-DE: 9
      de: 9
      ja-JP: 10
      ja-JA: 10
      ru-RU: 11
      ru: 11
      pt-BR: 12
      pt-PT: 13
      pt: 13
      ko-KR: 14
      ko: 14
      ko-KO: 14
      it-IT: 15
      it: 15
      nl-NL: 16
      nl: 16
      pl-PL: 17
      pl: 17
      tr-TR: 18
      tr: 18
      uk-UA: 19
      uk: 19
      ro-RO: 20
      ro: 20
      el-GR: 21
      el: 21
      cs-CZ: 22
      cs: 22
      hu-HU: 23
      hu: 23
      sv-SE: 24
      sv: 24
      da-DK: 25
      da: 25
      fi-FI: 26
      fi: 26
      no-NO: 27
      'no': 27
      nb-NO: 103
      nb: 103
      nn-NO: 104
      nn: 104
      sk-SK: 28
      sk: 28
      hr-HR: 29
      hr: 29
      bg-BG: 30
      bg: 30
      lt-LT: 31
      lt: 31
      et-EE: 60
      et: 60
      lv-LV: 61
      lv: 61
      sl-SI: 62
      sl: 62
      th-TH: 32
      vi-VN: 33
      id-ID: 34
      ms-MY: 35
      bn-IN: 36
      ur-PK: 37
      fa-IR: 38
      ta-IN: 39
      te-IN: 40
      mr-IN: 41
      gu-IN: 42
      kn-IN: 43
      ml-IN: 44
      si-LK: 45
      ne-NP: 46
      km-KH: 47
      sw-KE: 48
      am-ET: 49
      ha-NG: 50
      zu-ZA: 51
      yo-NG: 52
      ig-NG: 53
      af-ZA: 54
      rw-RW: 55
      so-SO: 56
      ny-MW: 57
      ln-CD: 58
      or-KE: 59
      he-IL: 64
      ku-TR: 65
      az-AZ: 66
      ka-GE: 67
      hy-AM: 68
      uz-UZ: 69
      tg-TJ: 70
      ky-KG: 71
      qu-PE: 80
      ay-BO: 81
      gn-PY: 82
      nah-MX: 83
      mi-NZ: 96
      haw-US: 97
      sm-WS: 98
      to-TO: 99
      fr-CA: 100
      mt-MT: 102
      auto: 101
    num_prompts: 128
    subsampling_factor: 8
    training_mode: false
    
[NeMo I 2026-09-16 09:36:38 rnnt_models:227] Using RNNT Loss : warprnnt_numba
    Loss warprnnt_numba_kwargs: {'fastemit_lambda': 0.005, 'clamp': -1.0}
[NeMo I 2026-09-16 09:36:38 rnnt_models:227] Using RNNT Loss : warprnnt_numba
    Loss warprnnt_numba_kwargs: {'fastemit_lambda': 0.005, 'clamp': -1.0}
[NeMo I 2026-09-16 09:36:38 rnnt_models:227] Using RNNT Loss : warprnnt_numba
    Loss warprnnt_numba_kwargs: {'fastemit_lambda': 0.005, 'clamp': -1.0}
[NeMo I 2026-09-16 09:36:38 rnnt_bpe_models_prompt:147] Model with prompt feature has been initialized (RNNT-only)
[NeMo I 2026-09-16 09:36:41 save_restore_connector:288] Model EncDecRNNTBPEModelWithPrompt was successfully restored from /cache/huggingface/hub/models--nvidia--nemotron-3.5-asr-streaming-0.6b/snapshots/ea30d66debe3740a08b573244286791d423d6b3e/nemotron-3.5-asr-streaming-0.6b.nemo.
[NeMo I 2026-09-16 09:36:41 rnnt_bpe_models:399] No `decoding_cfg` passed when changing decoding strategy, using internal config
[NeMo I 2026-09-16 09:36:41 rnnt_models:227] Using RNNT Loss : warprnnt_numba
    Loss warprnnt_numba_kwargs: {'fastemit_lambda': 0.005, 'clamp': -1.0}
[NeMo I 2026-09-16 09:36:41 rnnt_bpe_models:437] Changed decoding strategy to 
    model_type: rnnt
    strategy: greedy_batch
    compute_hypothesis_token_set: false
    preserve_alignments: null
    tdt_include_token_duration: null
    confidence_cfg:
      preserve_frame_confidence: false
      preserve_token_confidence: false
      preserve_word_confidence: false
      exclude_blank: true
      aggregation: min
      tdt_include_duration: false
      method_cfg:
        name: entropy
        entropy_type: tsallis
        alpha: 0.33
        entropy_norm: exp
        temperature: DEPRECATED
    fused_batch_size: null
    compute_timestamps: null
    compute_langs: false
    word_seperator: ' '
    segment_seperators:
    - .
    - '!'
    - '?'
    segment_gap_threshold: null
    rnnt_timestamp_type: all
    greedy:
      max_symbols_per_step: 10
      preserve_alignments: false
      preserve_frame_confidence: false
      tdt_include_token_duration: false
      tdt_include_duration_confidence: false
      confidence_method_cfg:
        name: entropy
        entropy_type: tsallis
        alpha: 0.33
        entropy_norm: exp
        temperature: DEPRECATED
      loop_labels: true
      use_cuda_graph_decoder: true
      ngram_lm_model: null
      ngram_lm_alpha: 0.0
      boosting_tree:
        model_path: null
        key_phrases_file: null
        key_phrases_list: null
        key_phrase_items_list: null
        context_score: 1.0
        depth_scaling: 2.0
        unk_score: 0.0
        final_eos_score: 1.0
        score_per_phrase: 0.0
        source_lang: en
        use_triton: null
        uniform_weights: false
        bpe_mode: default
        use_bpe_dropout: null
        num_of_transcriptions: 5
        bpe_alpha: 0.3
        var_bpe_scoring_temp: 10.0
        var_bpe_penalize_subsplits: true
      boosting_tree_alpha: 0.0
      enable_per_stream_biasing: false
      max_symbols: 10
    beam:
      beam_size: 2
      search_type: default
      score_norm: true
      return_best_hypothesis: false
      tsd_max_sym_exp_per_step: 50
      alsd_max_target_len: 2.0
      nsc_max_timesteps_expansion: 1
      nsc_prefix_alpha: 1
      maes_num_steps: 2
      maes_prefix_alpha: 1
      maes_expansion_gamma: 2.3
      maes_expansion_beta: 2
      language_model: null
      softmax_temperature: 1.0
      preserve_alignments: false
      ngram_lm_model: null
      ngram_lm_alpha: 0.0
      boosting_tree:
        model_path: null
        key_phrases_file: null
        key_phrases_list: null
        key_phrase_items_list: null
        context_score: 1.0
        depth_scaling: 2.0
        unk_score: 0.0
        final_eos_score: 1.0
        score_per_phrase: 0.0
        source_lang: en
        use_triton: null
        uniform_weights: false
        bpe_mode: default
        use_bpe_dropout: null
        num_of_transcriptions: 5
        bpe_alpha: 0.3
        var_bpe_scoring_temp: 10.0
        var_bpe_penalize_subsplits: true
      boosting_tree_alpha: 0.0
      hat_subtract_ilm: false
      hat_ilm_weight: 0.0
      max_symbols_per_step: 10
      blank_lm_score_mode: LM_WEIGHTED_FULL
      pruning_mode: LATE
      allow_cuda_graphs: true
      enable_per_stream_biasing: false
      preserve_frame_confidence: false
      tdt_include_duration_confidence: false
      confidence_method_cfg:
        name: entropy
        entropy_type: tsallis
        alpha: 0.33
        entropy_norm: exp
        temperature: DEPRECATED
      tsd_max_sym_exp: 50
    temperature: 1.0
    durations: []
    big_blank_durations: []
    strip_lang_tags: false
    lang_tag_pattern: null
    
[NeMo I 2026-09-16 09:36:41 rnnt_models:227] Using RNNT Loss : warprnnt_numba
    Loss warprnnt_numba_kwargs: {'fastemit_lambda': 0.005, 'clamp': -1.0}
[NeMo I 2026-09-16 09:36:41 rnnt_decoding:1041] Joint fused batch size <= 0; Will temporarily disable fused batch step in the Joint.
[NeMo I 2026-09-16 09:36:41 rnnt_bpe_models:437] Changed decoding strategy to 
    model_type: rnnt
    strategy: greedy_batch
    compute_hypothesis_token_set: false
    preserve_alignments: false
    tdt_include_token_duration: null
    confidence_cfg:
      preserve_frame_confidence: false
      preserve_token_confidence: false
      preserve_word_confidence: false
      exclude_blank: true
      aggregation: min
      tdt_include_duration: false
      method_cfg:
        name: entropy
        entropy_type: tsallis
        alpha: 0.33
        entropy_norm: exp
        temperature: DEPRECATED
    fused_batch_size: -1
    compute_timestamps: null
    compute_langs: false
    word_seperator: ' '
    segment_seperators:
    - .
    - '!'
    - '?'
    segment_gap_threshold: null
    rnnt_timestamp_type: all
    greedy:
      max_symbols_per_step: 10
      preserve_alignments: false
      preserve_frame_confidence: false
      tdt_include_token_duration: false
      tdt_include_duration_confidence: false
      confidence_method_cfg:
        name: entropy
        entropy_type: tsallis
        alpha: 0.33
        entropy_norm: exp
        temperature: DEPRECATED
      loop_labels: true
      use_cuda_graph_decoder: false
      ngram_lm_model: null
      ngram_lm_alpha: 0.0
      boosting_tree:
        model_path: null
        key_phrases_file: null
        key_phrases_list: null
        key_phrase_items_list: null
        context_score: 1.0
        depth_scaling: 2.0
        unk_score: 0.0
        final_eos_score: 1.0
        score_per_phrase: 0.0
        source_lang: en
        use_triton: null
        uniform_weights: false
        bpe_mode: default
        use_bpe_dropout: null
        num_of_transcriptions: 5
        bpe_alpha: 0.3
        var_bpe_scoring_temp: 10.0
        var_bpe_penalize_subsplits: true
      boosting_tree_alpha: 0.0
      enable_per_stream_biasing: true
      max_symbols: 10
    beam:
      beam_size: 4
      search_type: default
      score_norm: true
      return_best_hypothesis: true
      tsd_max_sym_exp_per_step: 50
      alsd_max_target_len: 1.0
      nsc_max_timesteps_expansion: 1
      nsc_prefix_alpha: 1
      maes_num_steps: 2
      maes_prefix_alpha: 1
      maes_expansion_gamma: 2.3
      maes_expansion_beta: 2
      language_model: null
      softmax_temperature: 1.0
      preserve_alignments: false
      ngram_lm_model: null
      ngram_lm_alpha: 0.0
      boosting_tree:
        model_path: null
        key_phrases_file: null
        key_phrases_list: null
        key_phrase_items_list: null
        context_score: 1.0
        depth_scaling: 2.0
        unk_score: 0.0
        final_eos_score: 1.0
        score_per_phrase: 0.0
        source_lang: en
        use_triton: null
        uniform_weights: false
        bpe_mode: default
        use_bpe_dropout: null
        num_of_transcriptions: 5
        bpe_alpha: 0.3
        var_bpe_scoring_temp: 10.0
        var_bpe_penalize_subsplits: true
      boosting_tree_alpha: 0.0
      hat_subtract_ilm: false
      hat_ilm_weight: 0.0
      max_symbols_per_step: 10
      blank_lm_score_mode: LM_WEIGHTED_FULL
      pruning_mode: LATE
      allow_cuda_graphs: true
      enable_per_stream_biasing: false
      preserve_frame_confidence: false
      tdt_include_duration_confidence: false
      confidence_method_cfg:
        name: entropy
        entropy_type: tsallis
        alpha: 0.33
        entropy_norm: exp
        temperature: DEPRECATED
    temperature: 1.0
    durations: []
    big_blank_durations: []
    strip_lang_tags: false
    lang_tag_pattern: null
    
[NeMo I 2026-09-16 09:36:41 base_builder:147] ASR model `/cache/huggingface/hub/models--nvidia--nemotron-3.5-asr-streaming-0.6b/snapshots/ea30d66debe3740a08b573244286791d423d6b3e/nemotron-3.5-asr-streaming-0.6b.nemo` loaded
[NeMo I 2026-09-16 09:36:41 cache_aware_rnnt_pipeline:125] Multilingual ASR model: conditioning on language 'auto'.
[NeMo I 2026-09-16 09:36:42 cache_aware_pipeline_builder:107] `CacheAwareRNNTPipeline` pipeline loaded
{"event": "long_probe_start", "model": "nemotron-speech-multilingual-0.6b", "minutes_minimum": 30, "repeated_sentences": 278, "reference_body": "The research team reviewed the recording. Every sentence should appear in the complete transcript.", "reference_tail": "This is the final sentence. The last word is telescope.", "file_bytes": 79591130, "runtime_load": {"runtime_import_seconds": 6.179976198000077, "checkpoint_acquisition_seconds": 22.710832169999776, "model_load_seconds": 53.54807643000095}}
{"event": "long_probe_complete", "model": "nemotron-speech-multilingual-0.6b", "audio_seconds": 1804.7865625, "expected_audio_seconds": 1804.7865306122449, "wall_seconds": 120.56023085400011, "peak_host_rss_kib": 5732972, "text_sha256": "47f01a5e0d36f1369a03a6df8b99ff4e2bc9e7fb1feba24523e2cdd040d1f03b", "transcript": "The research team reviewed the recording.  Every sentence should appear in the complete transcript.  The research team reviewed the recording every sentence should appear in the complete transcript.  The research team reviewed the recording.  Every sentence should appear in the complete transcript.  The research team reviewed the recording.  Every sentence should appear in the complete transcript.  The research team reviewed the recording every sentence should appear in the complete transcript.  The research team reviewed the recording.  Every sentence should appear in the complete transcript.  The research team reviewed the recording.  Every sentence should appear in the complete transcript.  The research team reviewed the recording .  Every sentence should appear in the complete transcript.  The research team reviewed the recording.  Every sentence should appear in the complete transcript.  The research team reviewed the recording.  Every sentence should appear in the complete transcript.  The research team reviewed the recording.  Every sentence should appear in the complete transcript.  The research team reviewed the recording.  Every sentence showed appear in the complete transcript.  The research team reviewed the recording every sentence should appear in the complete transcript.  The research team reviewed the recording.  Every sentence should appear in the complete transcript.  The research team reviewed the recording .  Every sentence should appear in a complete transcript.  The research team reviewed the recording every sentence should appear in the complete transcript.  The research team reviewed the recording.  Every sentence should appear in the complete transcript.  The research team reviewed the recording every sentence should appear in the complete transcript.  The research team reviewed the recording every sentence should appear in the complete transcript.  The research team reviewed the recording.  Every sentence should appear in the complete transcript.  The research team reviewed the recording.  Every sentence should appear in the complete transcript.  The research team reviewed the recording every sentence should appear in the complete transcript.  The research team reviewed the recording every sentence should appear in the complete transcript.  The research team reviewed the recording .  Every sentence should appear in the complete transcript.  The research team reviewed the recording every sentence should appear in the complete transcript.  The research team reviewed the recording.  Every sentence should appear in the complete transcript.  The research team reviewed the recording.  Every sentence should appear in the complete transcript.  The research team reviewed the recording.  Every sentence should appear in the complete transcript.  The research team reviewed the recording.  Every sentence should appear in the complete transcript.  The research team reviewed the recording.  Every sentence should appear in the complete transcript.  The research team reviewed the recording .  Every sentence should appear in the complete transcript.  The research team reviewed the recording every sentence should appear in the complete transcript.  The research team reviewed the recording.  Every sentence should appear in the complete transcript.  The research team renewed the recording.  Em re sentence should appear in the complete transcript.  The research team reviewed the recording.  Every sentence showed appear in the complete transcript.  The research team reviewed the recording .  Every sentence should appear in the complete transcript.  The research team reviewed the recording every sentence should appear in the complete transcript.  The research team reviewed the recording .  Every sentence should appear in the complete transcript.  The research team reviewed the recording every sentence should appear in the complete transcript.  The research team reviewed the recording.  Every sentence should appear in the complete transcript.  The research team reviewed the recording every sentence should appear in the complete transcript.  The research team reviewed the recording.  Every sentence should appear in the complete transcript.  The research team reviewed the recording.  Every sentence should appear in the complete transcript.  The research team reviewed the recording.  Every sentence should appear in the complete transcript.  The research team reviewed the recording .  Every sentence should appear in the complete transcript.  The research team reviewed the recording every sentence should appear in the complete transcript.  The research team reviewed the recording .  Every sentence should appear in the complete transcript.  The research team reviewed the recording every sentence should appear in the complete transcript.  The research team reviewed the recording.  Every sentence should appear in the complete transcript.  The research team reviewed the recording.  Every sentence should appear in the complete transcript.  The research team reviewed the recording.  Every sentence should appear in the complete transcript.  The research team reviewed the recording every sentence should appear in the complete transcript.  The research team reviewed the recording every sentence should appear in the complete transcript.  The research team reviewed the recording .  Every sentence should appear in the complete transcript.  The research team reviewed the recording every sentence should appear in the complete transcript.  The research team reviewed the recording.  Every sentence should appear in the complete transcript.  The research team reviewed the recording.  Every sentence should appear in the complete transcript.  The research team reviewed the recording every sentence should appear in the complete transcript.  The research team reviewed the recording .  Every sentence should appear in the complete transcript.  The research team reviewed the recording.  Em re sentence should appear in the complete transcript.  The research team reviewed the recording .  Every sentence should appear in the complete transcript.  The research team reviewed the recording.  Every sentence should appear in the complete transcript.  The research team reviewed the recording.  Every sentence should appear in the complete transcript.  The research team reviewed the recording every sentence should appear in the complete transcript.  The research team reviewed the recording.  Every sentence should appear in the complete transcript.  The research team reviewed the recording every sentence should appear in the complete transcript.  The research team reviewed the recording.  Every sentence should appear in the complete transcript.  The research team reviewed the recording .  Every sentence should appear in the complete transcript.  The research team reviewed the recording every sentence should appear in the complete transcript.  The research team reviewed the recording.  Every sentence should appear in the complete transcript.  The research team reviewed the recording every sentence should appear in the complete transcript.  The research team reviewed the recording.  Every sentence should appear in the complete transcript.  The research team reviewed the recording.  Every sentence should appear in the complete transcript.  The research team reviewed the recording.  Every sentence showed appear in the complete transcript.  The research team reviewed the recording every sentence should appear in the complete transcript.  The research team reviewed the recording every sentence should appear in the complete transcript.  The research team reviewed the recording .  Every sentence should appear in the complete transcript.  The research team reviewed the recording every sentence should appear in the complete transcript.  The research team reviewed the recording.  Every sentence should appear in the complete transcript.  The research team reviewed the recording.  Every sentence should appear in the complete transcript.  The research team reviewed the recording every sentence should appear in the complete transcript.  The research team reviewed the recording every sentence should appear in the complete transcript.  The research team reviewed the recording every sentence should appear in the complete transcript.  The research team reviewed the recording .  Every sentence should appear in the complete transcript.  The research team reviewed the recording.  Every sentence should appear in the complete transcript.  The research team reviewed the recording.  Every sentence should appear in the complete transcript.  The research team reviewed the recording.  Every sentence should appear in the complete transcript.  The research team reviewed the recording.  Every sentence should appear in the complete transcript.  The research team reviewed the recording .  Every sentence should appear in the complete transcript.  The research team reviewed the recording.  Every sentence should appear in the complete transcript.  The research team reviewed the recording .  Every sentence should appear in the complete transcript.  The research team reviewed the recording every sentence should appear in the complete transcript.  The research team reviewed the recording.  Every sentence should appear in a complete transcript.  The research team reviewed the recording every sentence should appear in the complete transcript.  The research team reviewed the recording.  Every sentence should appear in the complete transcript.  The research team reviewed the recording.  Every sentence should appear in the complete transcript.  The research team reviewed the recording.  Every sentence should appear in the complete transcript.  The research team reviewed the recording .  Every sentence should appear in the complete transcript.  The research team reviewed the recording every sentence should appear in the complete transcript.  The research team reviewed the recording .  Every sentence should appear in the complete transcript.  The research team reviewed the recording every sentence should appear in the complete transcript.  The research team reviewed the recording.  Every sentence should appear in the complete transcript.  The research team reviewed the recording.  Every sentence should appear in the complete transcript.  The research team reviewed the recording.  Every sentence should appear in the complete transcript.  The research team reviewed the recording every sentence should appear in the complete transcript.  The research team reviewed the recording every sentence should appear in the complete transcript.  The research team reviewed the recording .  Every sentence should appear in the complete transcript.  The research team reviewed the recording every sentence should appear in the complete transcript.  The research team reviewed the recording.  Every sentence should appear in the complete transcript.  The research team reviewed the recording.  Every sentence should appear in the complete transcript.  The research team reviewed the recording.  Every sentence should appear in the complete transcript.  The research team reviewed the recording. Every sentence should appear in the complete transcript.  The research team reviewed the recording.  Every sentence should appear in the complete transcript.  The research team reviewed the recording .  Every sentence should appear in the complete transcript.  The research team reviewed the recording every sentence should appear in the complete transcript.  The research team reviewed the recording.  Every sentence should appear in the complete transcript.  The research team reviewed the recording every sentence should appear in the complete transcript.  The research team reviewed the recording.  Every sentence should appear in the complete transcript.  The research team reviewed the recording every sentence should appear in the complete transcript.  The research team reviewed the recording.  Every sentence should appear in the complete transcript.  The research team reviewed the recording .  Every sentence should appear in the complete transcript.  The research team reviewed the recording every sentence should appear in the complete transcript.  The research team reviewed the recording.  Every sentence should appear in the complete transcript.  The research team reviewed the recording every sentence should appear in the complete transcript.  The research team reviewed the recording.  Every sentence should appear in the complete transcript.  The research team reviewed the recording.  Every sentence should appear in the complete transcript.  The research team reviewed the recording.  Every sentence should appear in the complete transcript.  The research team reviewed the recording every sentence should appear in the complete transcript.  The research team reviewed the recording every sentence should appear in the complete transcript.  The research team reviewed the recording .  Every sentence should appear in the complete transcript.  The research team reviewed the recording every sentence should appear in the complete transcript.  The research team reviewed the recording.  Every sentence should appear in the complete transcript.  The research team reviewed the recording.  Every sentence should appear in the complete transcript.  The research team reviewed the recording.  Every sentence should appear in the complete transcript.  The research team reviewed the recording.  Every sentence should appear in the complete transcript.  The research team reviewed the recording.  Every sentence should appear in the complete transcript.  The research team reviewed the recording .  Every sentence should appear in the complete transcript.  The research team reviewed the recording.  Every sentence should appear in the complete transcript.  The research team reviewed the recording.  Every sentence should appear in the complete transcript.  The research team reviewed the recording.  Em re sentence should appear in the complete transcript.  The research team reviewed the recording.  Every sentence should appear in the complete transcript.  The research team reviewed the recording every sentence should appear in the complete transcript.  The research team reviewed the recording.  Every sentence should appear in the complete transcript.  The research team reviewed the recording .  Every sentence should appear in the complete transcript.  The research team reviewed the recording every sentence should appear in the complete transcript.  The research team reviewed the recording.  Every sentence should appear in the complete transcript.  The research team reviewed the recording every sentence should appear in the complete transcript.  The research team reviewed the recording every sentence should appear in the complete transcript.  The research team reviewed the recording.  Every sentence should appear in the complete transcript.  The research team reviewed the recording.  Every sentence should appear in the complete transcript.  The research team reviewed the recording every sentence should appear in the complete transcript.  The research team reviewed the recording every sentence should appear in the complete transcript.  The research team reviewed the recording .  Every sentence should appear in the complete transcript.  The research team reviewed the recording every sentence should appear in the complete transcript.  The research team reviewed the recording.  Every sentence should appear in the complete transcript.  The research team reviewed the recording.  Every sentence should appear in the complete transcript.  The research team reviewed the recording.  Every sentence should appear in the complete transcript.  The research team reviewed the recording.  Every sentence should appear in the complete transcript.  The research team reviewed the recording.  Every sentence should appear in the complete transcript.  The research team reviewed the recording .  Every sentence should appear in the complete transcript.  The research team reviewed the recording every sentence should appear in the complete transcript.  The research team reviewed the recording.  Every sentence should appear in the complete transcript.  The research team reviewed the recording.  Em re sentence should appear in the complete transcript.  The research team reviewed the recording.  Every sentence showed appear in the complete transcript.  The research team reviewed the recording .  Every sentence should appear in the complete transcript.  The research team reviewed the recording.  Every sentence should appear in the complete transcript.  The research team reviewed the recording .  Every sentence should appear in the complete transcript.  The research team reviewed the recording every sentence should appear in the complete transcript.  The research team reviewed the recording.  Every sentence should appear in the complete transcript.  The research team reviewed the recording every sentence should appear in the complete transcript.  The research team reviewed the recording.  Every sentence should appear in a complete transcript.  The research team reviewed the recording.  Every sentence should appear in the complete transcript.  The research team reviewed the recording.  Every sentence should appear in the complete transcript.  The research team reviewed the recording .  Every sentence should appear in the complete transcript.  The research team reviewed the recording every sentence should appear in the complete transcript.  The research team reviewed the recording .  Every sentence should appear in the complete transcript.  The research team reviewed the recording every sentence should appear in the complete transcript.  The research team reviewed the recording.  Every sentence should appear in the complete transcript.  The research team reviewed the recording.  Every sentence should appear in the complete transcript.  The research team reviewed the recording.  Every sentence should appear in the complete transcript.  The research team reviewed the recording every sentence should appear in the complete transcript.  The research team reviewed the recording every sentence should appear in the complete transcript.  The research team reviewed the recording .  Every sentence should appear in the complete transcript.  The research team reviewed the recording every sentence should appear in the complete transcript.  The research team reviewed the recording.  Every sentence should appear in the complete transcript.  The research team reviewed the recording.  Every sentence should appear in the complete transcript.  The research team reviewed the recording every sentence should appear in the complete transcript.  The research team reviewed the recording.  Every sentence should appear in the complete transcript.  The research team reviewed the recording.  Em re sentence should appear in the complete transcript.  The research team reviewed the recording .  Every sentence should appear in the complete transcript.  The research team reviewed the recording.  Every sentence should appear in the complete transcript.  The research team reviewed the recording.  Every sentence should appear in the complete transcript.  The research team reviewed the recording every sentence should appear in the complete transcript.  The research team reviewed the recording.  Every sentence showed appear in the complete transcript.  The research team reviewed the recording every sentence should appear in the complete transcript.  The research team reviewed the recording every sentence should appear in the complete transcript.  The research team reviewed the recording .  Every sentence should appear in a complete transcript.  The research team reviewed the recording every sentence should appear in the complete transcript.  The research team reviewed the recording.  Every sentence should appear in the complete transcript.  The research team reviewed the recording every sentence should appear in the complete transcript.  The research team reviewed the recording.  Every sentence should appear in the complete transcript.  The research team reviewed the recording.  Every sentence should appear in the complete transcript.  The research team reviewed the recording.  Every sentence should appear in the complete transcript.  The research team reviewed the recording every sentence should appear in the complete transcript.  The research team reviewed the recording every sentence should appear in the complete transcript.  The research team reviewed the recording .  Every sentence should appear in the complete transcript.  The research team reviewed the recording every sentence should appear in the complete transcript.  The research team reviewed the recording.  Every sentence should appear in the complete transcript.  The research team reviewed the recording.  Every sentence should appear in the complete transcript.  The research team reviewed the recording.  Every sentence should appear in the complete transcript.  The research team reviewed the recording.  Every sentence should appear in the complete transcript.  The research team reviewed the recording.  Every sentence should appear in the complete transcript.  The research team reviewed the recording .  Every sentence should appear in the complete transcript.  The research team reviewed the recording.  Every sentence should appear in the complete transcript.  The research team reviewed the recording.  Every sentence should appear in the complete transcript.  The research team renewed the recording.  Em re sentence should appear in the complete transcript.  The research team reviewed the recording.  Every sentence should appear in the complete transcript.  The research team reviewed the recording .  Every sentence should appear in the complete transcript.  The research team reviewed the recording.  Every sentence should appear in the complete transcript.  The research team reviewed the recording .  Every sentence should appear in the complete transcript.  The research team reviewed the recording every sentence should appear in the complete transcript.  The research team reviewed the recording.  Every sentence should appear in the complete transcript.  The research team reviewed the recording every sentence should appear in the complete transcript.  The research team reviewed the recording.  Every sentence should appear in the complete transcript.  The research team reviewed the recording.  Every sentence should appear in the complete transcript.  The research team reviewed the recording.  Every sentence should appear in the complete transcript.  The research team reviewed the recording .  Every sentence should appear in the complete transcript.  The research team reviewed the recording every sentence should appear in the complete transcript.  The research team reviewed the recording .  Every sentence should appear in the complete transcript.  The research team reviewed the recording every sentence should appear in the complete transcript.  The research team reviewed the recording.  Every sentence should appear in the complete transcript.  The research team reviewed the recording.  Every sentence should appear in the complete transcript.  The research team reviewed the recording.  Every sentence should appear in the complete transcript.  The research team reviewed the recording every sentence should appear in the complete transcript.  The research team reviewed the recording every sentence should appear in the complete transcript.  The research team reviewed the recording .  Every sentence should appear in the complete transcript.  The research team reviewed the recording every sentence should appear in the complete transcript.  The research team reviewed the recording.  Every sentence should appear in the complete transcript.  The research team reviewed the recording.  Every sentence should appear in the complete transcript.  The research team reviewed the recording.  Every sentence should appear in the complete transcript.  The research team reviewed the recording s should appear in the complete transcript.  The research team reviewed the recording.  Every sentence should appear in the complete transcript.  The research team reviewed the recording .  Every sentence should appear in the complete transcript.  The research team reviewed the recording.  Every sentence should appear in the complete transcript.  The research team reviewed the recording.  Every sentence should appear in the complete transcript.  The research team reviewed the recording every sentence should appear in the complete transcript.  The research team reviewed the recording.  Every sentence should appear in the complete transcript.  The research team reviewed the recording every sentence should appear in the complete transcript.  The research team reviewed the recording.  Every sentence should appear in the complete transcript.  The research team reviewed the recording .  Every sentence should appear in the complete transcript.  The research team reviewed the recording every sentence should appear in the complete transcript.  The research team reviewed the recording.  Every sentence should appear in the complete transcript.  The research team reviewed the recording every sentence should appear in the complete transcript.  The research team reviewed the recording.  Every sentence should appear in the complete transcript.  The research team reviewed the recording.  Every sentence should appear in the complete transcript.  The research team reviewed the recording.  Every sentence showed appear in the complete transcript.  The research team reviewed the recording every sentence should appear in the complete transcript.  The research team reviewed the recording every sentence should appear in the complete transcript.  The research team reviewed the recording .  Every sentence should appear in the complete transcript.  The research team reviewed the recording every sentence should appear in the complete transcript.  The research team reviewed the recording.  Every sentence should appear in the complete transcript.  The research team reviewed the recording.  Every sentence should appear in the complete transcript.  The research team reviewed the recording.  Every sentence showed appear in the complete transcript.  The research team reviewed the recording.  Every sentence should appear in the complete transcript.  The research team reviewed the recording.  Every sentence should appear in the complete transcript.  The research team reviewed the recording .  Every sentence should appear in the complete transcript.  The research team reviewed the recording.  Em re sentence should appear in the complete transcript.  The research team reviewed the recording.  Every sentence should appear in the complete transcript.  The research team reviewed the recording.  Every sentence should appear in the complete transcript.  The research team reviewed the recording.  Every sentence should appear in the complete transcript.  The research team reviewed the recording every sentence should appear in the complete transcript.  The research team reviewed the recording.  Every sentence should appear in the complete transcript.  The research team reviewed the recording .  Every sentence should appear in the complete transcript.  The research team reviewed the recording every sentence should appear in the complete transcript.  The research team reviewed the recording.  Every sentence should appear in a complete transcript.  The research team reviewed the recording every sentence should appear in the complete transcript.  The research team reviewed the recording.  Every sentence should appear in the complete transcript.  The research team reviewed the recording.  Every sentence should appear in the complete transcript.  This is the final sentence the last word is telescope.", "segments": 49, "tail_preserved": true, "complete_duration": true, "customer_acceptance": false}
{"event": "post_long_request", "text": "This is my final sentence.  The last word is telescope.", "audio_seconds": 4.203875}
