2026-09-16T12:12:31.852590009Z {
2026-09-16T12:12:31.852633636Z   "action": "restore",
2026-09-16T12:12:31.852635103Z   "records": [
2026-09-16T12:12:31.852636093Z     {
2026-09-16T12:12:31.852637005Z       "command": [
2026-09-16T12:12:31.852638661Z         "/tools/lib/ld-linux-x86-64.so.2",
2026-09-16T12:12:31.852641612Z         "--library-path",
2026-09-16T12:12:31.852642757Z         "/tools/lib",
2026-09-16T12:12:31.852643856Z         "/tools/criu",
2026-09-16T12:12:31.852644814Z         "restore",
2026-09-16T12:12:31.852645832Z         "--images-dir",
2026-09-16T12:12:31.852646764Z         "/checkpoints/speech-multi-0916-r2/images",
2026-09-16T12:12:31.852647588Z         "--work-dir",
2026-09-16T12:12:31.852648931Z         "/tmp/fs2-checkpoint-work",
2026-09-16T12:12:31.852649907Z         "--shell-job",
2026-09-16T12:12:31.852650730Z         "--restore-detached",
2026-09-16T12:12:31.852652055Z         "--log-file",
2026-09-16T12:12:31.852652887Z         "restore.log",
2026-09-16T12:12:31.852654180Z         "-v4",
2026-09-16T12:12:31.852655374Z         "--file-locks",
2026-09-16T12:12:31.852656728Z         "--tcp-established",
2026-09-16T12:12:31.852657758Z         "--manage-cgroups=ignore",
2026-09-16T12:12:31.852658692Z         "--libdir",
2026-09-16T12:12:31.852659599Z         "/tmp/empty-criu-plugins"
2026-09-16T12:12:31.852660484Z       ],
2026-09-16T12:12:31.852661366Z       "seconds": 7.7347599901258945,
2026-09-16T12:12:31.852662332Z       "returncode": 0,
2026-09-16T12:12:31.852663229Z       "stdout": "",
2026-09-16T12:12:31.852664099Z       "stderr": ""
2026-09-16T12:12:31.852665014Z     },
2026-09-16T12:12:31.852665893Z     {
2026-09-16T12:12:31.852666691Z       "command": [
2026-09-16T12:12:31.852667654Z         "/tools/cuda-checkpoint",
2026-09-16T12:12:31.852668681Z         "--action",
2026-09-16T12:12:31.852669546Z         "restore",
2026-09-16T12:12:31.852670414Z         "--pid",
2026-09-16T12:12:31.852671330Z         "174",
2026-09-16T12:12:31.852672156Z         "--device-map",
2026-09-16T12:12:31.852673792Z         "GPU-3dde2475-d034-6bb9-6c36-ddee7d30dffd=GPU-facf5f91-1954-6615-4fbf-418efd69bd0c"
2026-09-16T12:12:31.852675794Z       ],
2026-09-16T12:12:31.852676758Z       "seconds": 1.226673796074465,
2026-09-16T12:12:31.852677726Z       "returncode": 0,
2026-09-16T12:12:31.852678637Z       "stdout": "",
2026-09-16T12:12:31.852679452Z       "stderr": ""
2026-09-16T12:12:31.852680372Z     },
2026-09-16T12:12:31.852681230Z     {
2026-09-16T12:12:31.852682055Z       "command": [
2026-09-16T12:12:31.852682912Z         "/tools/cuda-checkpoint",
2026-09-16T12:12:31.852683803Z         "--action",
2026-09-16T12:12:31.852684598Z         "unlock",
2026-09-16T12:12:31.852685519Z         "--pid",
2026-09-16T12:12:31.852686367Z         "174"
2026-09-16T12:12:31.852687187Z       ],
2026-09-16T12:12:31.852688045Z       "seconds": 0.021184334997087717,
2026-09-16T12:12:31.852688963Z       "returncode": 0,
2026-09-16T12:12:31.852689786Z       "stdout": "",
2026-09-16T12:12:31.852690737Z       "stderr": ""
2026-09-16T12:12:31.852691587Z     }
2026-09-16T12:12:31.852692452Z   ],
2026-09-16T12:12:31.852693262Z   "status": "passed",
2026-09-16T12:12:31.852694066Z   "runtime_identity": {
2026-09-16T12:12:31.852697910Z     "runtime_image": "cr.eu-north1.nebius.cloud/e00akg9ndpx77eaexh/fs2-models/nemotron-speech/multilingual@sha256:628c1ffdb68c6e510de5a691432b4da9a6f64941ce5f35c57213ad8cea8b7205",
2026-09-16T12:12:31.852700074Z     "tools_image": "cr.eu-north1.nebius.cloud/e00akg9ndpx77eaexh/fs2-snapshot/scientific-tools@sha256:17cc3536dd847355b8457b2e92bd7d0fdf292bdd8e6acc457e25f14e28284ba4",
2026-09-16T12:12:31.852705972Z     "kernel_release": "6.11.0-1016-nvidia",
2026-09-16T12:12:31.852707223Z     "runtime_id": "nemotron-speech-multilingual-0.6b",
2026-09-16T12:12:31.852709137Z     "model_revision": "ea30d66debe3740a08b573244286791d423d6b3e",
2026-09-16T12:12:31.852710153Z     "gpu_uuid": "GPU-facf5f91-1954-6615-4fbf-418efd69bd0c",
2026-09-16T12:12:31.852711112Z     "gpu_name": "NVIDIA H100 80GB HBM3",
2026-09-16T12:12:31.852711983Z     "driver_version": "580.159.04",
2026-09-16T12:12:31.852712862Z     "compute_capability": "9.0",
2026-09-16T12:12:31.852713813Z     "snapshot_source_sha256": {
2026-09-16T12:12:31.852715206Z       "process_checkpoint.py": "8a65528b0abfdfd4308f438b572b78b5183fde41a5f0a3d5980aaa9329a761ea",
2026-09-16T12:12:31.852716251Z       "serving_checkpoint.py": "0cc5f0b80b38a894fb4e0bc6119fc6012e3af7979664cefccbe96b239d73235d",
2026-09-16T12:12:31.852717246Z       "serving_filesystem.py": "0af2a36d69f2c809a9a9f15070ab7f196cda39361724ccbbe724cc994b1b2fd7",
2026-09-16T12:12:31.852718173Z       "serving_launcher.py": "8f076ab23bb5d6ecf56b9c06f7f3040a092cf3321836556413c9e84ba667aa7b",
2026-09-16T12:12:31.852719199Z       "serving_supervisor.py": "a27ef49260796bbc90f68db2e1e74437e2b70dd41c57aeb0bfd3d14cb0389524",
2026-09-16T12:12:31.852720238Z       "sitecustomize.py": "4051136270e8c7446e699484bbc1890489c34e346286b8845af741c0d5c4aad5",
2026-09-16T12:12:31.852721163Z       "supervisor.py": "4ec20b525ba38f979c67d8ab46e85a9f8243c0b2990d9e65871839318fdab83c",
2026-09-16T12:12:31.852722037Z       "working_directory_launcher.py": "3bd73d58a3278a732170c6501cbc9f2bc7f731966abb7ceae987450d73fe5c1b"
2026-09-16T12:12:31.852723016Z     }
2026-09-16T12:12:31.852723893Z   },
2026-09-16T12:12:31.852724753Z   "cuda_pids": [
2026-09-16T12:12:31.852725631Z     174
2026-09-16T12:12:31.852726511Z   ]
2026-09-16T12:12:31.852727398Z }
2026-09-16T12:12:31.860119432Z {"event": "serving_snapshot_runtime", "mechanism": "cuda-criu-restored"}
